Archive member included to satisfy reference by file (symbol)

.\CortexM3\ARM_GCC_541\Debug\Timertesting.a(isr_1.o)
                              .\CortexM3\ARM_GCC_541\Debug\main.o (isr_1_Start)
.\CortexM3\ARM_GCC_541\Debug\Timertesting.a(CyLib.o)
                              .\CortexM3\ARM_GCC_541\Debug\Cm3Start.o (CyHalt)
.\CortexM3\ARM_GCC_541\Debug\Timertesting.a(cyPm.o)
                              .\CortexM3\ARM_GCC_541\Debug\Timertesting.a(CyLib.o) (CyPmReadStatus)
.\CortexM3\ARM_GCC_541\Debug\Timertesting.a(Direction_1_1.o)
                              .\CortexM3\ARM_GCC_541\Debug\main.o (Direction_1_1_Write)
.\CortexM3\ARM_GCC_541\Debug\Timertesting.a(Direction_1_2.o)
                              .\CortexM3\ARM_GCC_541\Debug\main.o (Direction_1_2_Write)
.\CortexM3\ARM_GCC_541\Debug\Timertesting.a(PWM_1.o)
                              .\CortexM3\ARM_GCC_541\Debug\main.o (PWM_1_WriteCompare)
.\CortexM3\ARM_GCC_541\Debug\Timertesting.a(QuadDec_1.o)
                              .\CortexM3\ARM_GCC_541\Debug\main.o (QuadDec_1_GetCounter)
.\CortexM3\ARM_GCC_541\Debug\Timertesting.a(QuadDec_1_Cnt16.o)
                              .\CortexM3\ARM_GCC_541\Debug\Timertesting.a(QuadDec_1.o) (QuadDec_1_Cnt16_Stop)
.\CortexM3\ARM_GCC_541\Debug\Timertesting.a(QuadDec_2.o)
                              .\CortexM3\ARM_GCC_541\Debug\main.o (QuadDec_2_GetCounter)
.\CortexM3\ARM_GCC_541\Debug\Timertesting.a(PWM_2.o)
                              .\CortexM3\ARM_GCC_541\Debug\main.o (PWM_2_WriteCompare)
.\CortexM3\ARM_GCC_541\Debug\Timertesting.a(QuadDec_2_Cnt16.o)
                              .\CortexM3\ARM_GCC_541\Debug\Timertesting.a(QuadDec_2.o) (QuadDec_2_Cnt16_Stop)
.\CortexM3\ARM_GCC_541\Debug\Timertesting.a(UART.o)
                              .\CortexM3\ARM_GCC_541\Debug\main.o (UART_Start)
.\CortexM3\ARM_GCC_541\Debug\Timertesting.a(Direction_2_1.o)
                              .\CortexM3\ARM_GCC_541\Debug\main.o (Direction_2_1_Write)
.\CortexM3\ARM_GCC_541\Debug\Timertesting.a(Direction_2_2.o)
                              .\CortexM3\ARM_GCC_541\Debug\main.o (Direction_2_2_Write)
.\CortexM3\ARM_GCC_541\Debug\Timertesting.a(UART_IntClock.o)
                              .\CortexM3\ARM_GCC_541\Debug\Timertesting.a(UART.o) (UART_IntClock_Start)
.\CortexM3\ARM_GCC_541\Debug\Timertesting.a(isr_motor.o)
                              .\CortexM3\ARM_GCC_541\Debug\main.o (isr_motor_Start)
.\CortexM3\ARM_GCC_541\Debug\Timertesting.a(Timer.o)
                              .\CortexM3\ARM_GCC_541\Debug\main.o (Timer_Start)
.\CortexM3\ARM_GCC_541\Debug\Timertesting.a(CyBootAsmGnu.o)
                              .\CortexM3\ARM_GCC_541\Debug\cyfitter_cfg.o (CyDelayCycles)
.\CortexM3\ARM_GCC_541\Debug\Timertesting.a(CyFlash.o)
                              .\CortexM3\ARM_GCC_541\Debug\Timertesting.a(cyPm.o) (CyFlash_SetWaitCycles)
.\CortexM3\ARM_GCC_541\Debug\Timertesting.a(CySpc.o)
                              .\CortexM3\ARM_GCC_541\Debug\Timertesting.a(CyFlash.o) (CySpcStart)
d:/psoc creator/4.2/psoc creator/import/gnu/arm/5.4.1/bin/../lib/gcc/arm-none-eabi/5.4.1/../../../../arm-none-eabi/lib/armv7-m\libg_nano.a(lib_a-atoi.o)
                              .\CortexM3\ARM_GCC_541\Debug\main.o (atoi)
d:/psoc creator/4.2/psoc creator/import/gnu/arm/5.4.1/bin/../lib/gcc/arm-none-eabi/5.4.1/../../../../arm-none-eabi/lib/armv7-m\libg_nano.a(lib_a-errno.o)
                              .\CortexM3\ARM_GCC_541\Debug\Cm3Start.o (__errno)
d:/psoc creator/4.2/psoc creator/import/gnu/arm/5.4.1/bin/../lib/gcc/arm-none-eabi/5.4.1/../../../../arm-none-eabi/lib/armv7-m\libg_nano.a(lib_a-exit.o)
                              d:/psoc creator/4.2/psoc creator/import/gnu/arm/5.4.1/bin/../lib/gcc/arm-none-eabi/5.4.1/../../../../arm-none-eabi/lib/armv7-m/crt0.o (exit)
d:/psoc creator/4.2/psoc creator/import/gnu/arm/5.4.1/bin/../lib/gcc/arm-none-eabi/5.4.1/../../../../arm-none-eabi/lib/armv7-m\libg_nano.a(lib_a-impure.o)
                              d:/psoc creator/4.2/psoc creator/import/gnu/arm/5.4.1/bin/../lib/gcc/arm-none-eabi/5.4.1/../../../../arm-none-eabi/lib/armv7-m\libg_nano.a(lib_a-exit.o) (_global_impure_ptr)
d:/psoc creator/4.2/psoc creator/import/gnu/arm/5.4.1/bin/../lib/gcc/arm-none-eabi/5.4.1/../../../../arm-none-eabi/lib/armv7-m\libg_nano.a(lib_a-init.o)
                              d:/psoc creator/4.2/psoc creator/import/gnu/arm/5.4.1/bin/../lib/gcc/arm-none-eabi/5.4.1/../../../../arm-none-eabi/lib/armv7-m/crt0.o (__libc_init_array)
d:/psoc creator/4.2/psoc creator/import/gnu/arm/5.4.1/bin/../lib/gcc/arm-none-eabi/5.4.1/../../../../arm-none-eabi/lib/armv7-m\libg_nano.a(lib_a-memcpy-stub.o)
                              .\CortexM3\ARM_GCC_541\Debug\cyfitter_cfg.o (memcpy)
d:/psoc creator/4.2/psoc creator/import/gnu/arm/5.4.1/bin/../lib/gcc/arm-none-eabi/5.4.1/../../../../arm-none-eabi/lib/armv7-m\libg_nano.a(lib_a-memset.o)
[...]
Memory Configuration

Name             Origin             Length             Attributes
rom              0x00000000         0x00040000         xr
ram              0x1fff8000         0x00010000         xrw
*default*        0x00000000         0xffffffff

Linker script and memory map

LOAD d:/psoc creator/4.2/psoc creator/import/gnu/arm/5.4.1/bin/../lib/gcc/arm-none-eabi/5.4.1/armv7-m/crti.o
LOAD d:/psoc creator/4.2/psoc creator/import/gnu/arm/5.4.1/bin/../lib/gcc/arm-none-eabi/5.4.1/armv7-m/crtbegin.o
LOAD d:/psoc creator/4.2/psoc creator/import/gnu/arm/5.4.1/bin/../lib/gcc/arm-none-eabi/5.4.1/../../../../arm-none-eabi/lib/armv7-m/crt0.o
START GROUP
LOAD .\CortexM3\ARM_GCC_541\Debug\main.o
LOAD .\CortexM3\ARM_GCC_541\Debug\cyfitter_cfg.o
LOAD .\CortexM3\ARM_GCC_541\Debug\cymetadata.o
LOAD .\CortexM3\ARM_GCC_541\Debug\Cm3Start.o
LOAD .\CortexM3\ARM_GCC_541\Debug\Timertesting.a
LOAD D:\PSoC Creator\4.2\PSoC Creator\psoc\content\cycomponentlibrary\CyComponentLibrary.cylib\CortexM3\ARM_GCC_541\Debug\CyComponentLibrary.a
END GROUP
START GROUP
LOAD d:/psoc creator/4.2/psoc creator/import/gnu/arm/5.4.1/bin/../lib/gcc/arm-none-eabi/5.4.1/armv7-m\libgcc.a
LOAD d:/psoc creator/4.2/psoc creator/import/gnu/arm/5.4.1/bin/../lib/gcc/arm-none-eabi/5.4.1/../../../../arm-none-eabi/lib/armv7-m\libg_nano.a
LOAD d:/psoc creator/4.2/psoc creator/import/gnu/arm/5.4.1/bin/../lib/gcc/arm-none-eabi/5.4.1/../../../../arm-none-eabi/lib/armv7-m\libc_nano.a
END GROUP
START GROUP
LOAD d:/psoc creator/4.2/psoc creator/import/gnu/arm/5.4.1/bin/../lib/gcc/arm-none-eabi/5.4.1/armv7-m\libgcc.a
LOAD d:/psoc creator/4.2/psoc creator/import/gnu/arm/5.4.1/bin/../lib/gcc/arm-none-eabi/5.4.1/../../../../arm-none-eabi/lib/armv7-m\libc_nano.a
END GROUP
LOAD d:/psoc creator/4.2/psoc creator/import/gnu/arm/5.4.1/bin/../lib/gcc/arm-none-eabi/5.4.1/armv7-m/crtend.o
LOAD d:/psoc creator/4.2/psoc creator/import/gnu/arm/5.4.1/bin/../lib/gcc/arm-none-eabi/5.4.1/armv7-m/crtn.o
START GROUP
LOAD d:/psoc creator/4.2/psoc creator/import/gnu/arm/5.4.1/bin/../lib/gcc/arm-none-eabi/5.4.1/armv7-m\libgcc.a
LOAD d:/psoc creator/4.2/psoc creator/import/gnu/arm/5.4.1/bin/../lib/gcc/arm-none-eabi/5.4.1/../../../../arm-none-eabi/lib/armv7-m\libc.a
LOAD d:/psoc creator/4.2/psoc creator/import/gnu/arm/5.4.1/bin/../lib/gcc/arm-none-eabi/5.4.1/../../../../arm-none-eabi/lib/armv7-m\libnosys.a
END GROUP
                0x00000000                CY_APPL_ORIGIN = 0x0
                0x00000100                CY_FLASH_ROW_SIZE = 0x100
                0x00000020                CY_ECC_ROW_SIZE = 0x20
                0x00000000                CY_EE_IN_BTLDR = 0x0
                0x00000000                CY_APPL_LOADABLE = 0x0
                0x00000800                CY_EE_SIZE = 0x800
                0x00000001                CY_APPL_NUM = 0x1
                0x00000001                CY_APPL_MAX = 0x1
                0x00000040                CY_METADATA_SIZE = 0x40
                0x00000000                CY_APPL_LOADABLE = 0x0
                0x00000000                CY_CHECKSUM_EXCLUDE_SIZE = ALIGN (0x0, CY_FLASH_ROW_SIZE)
                [!provide]                PROVIDE (__cy_heap_start, _end)
                0x00000001                PROVIDE (__cy_region_num, ((__cy_regions_end - __cy_regions) / 0x10))
                0x20008000                PROVIDE (__cy_stack, (ORIGIN (ram) + LENGTH (ram)))
                [!provide]                PROVIDE (__cy_heap_end, (__cy_stack - 0x800))

.cybootloader   0x00000000        0x0
 *(.cybootloader)
                0x00000000                appl1_start = CY_APPL_ORIGIN?CY_APPL_ORIGIN:ALIGN (CY_FLASH_ROW_SIZE)
                0x0001ff00                appl2_start = (appl1_start + ALIGN ((((LENGTH (rom) - appl1_start) - (0x2 * CY_FLASH_ROW_SIZE)) / 0x2), CY_FLASH_ROW_SIZE))
                0x00000000                appl_start = (CY_APPL_NUM == 0x1)?appl1_start:appl2_start
                0x00000000                ecc_offset = ((appl_start / CY_FLASH_ROW_SIZE) * CY_ECC_ROW_SIZE)
                0x00000000                ee_offset = (CY_APPL_LOADABLE && ! (CY_EE_IN_BTLDR))?((CY_EE_SIZE / CY_APPL_MAX) * (CY_APPL_NUM - 0x1)):0x0
                0x00000800                ee_size = (CY_APPL_LOADABLE && ! (CY_EE_IN_BTLDR))?(CY_EE_SIZE / CY_APPL_MAX):CY_EE_SIZE
                [!provide]                PROVIDE (CY_ECC_OFFSET, ecc_offset)

.text           0x00000000     0x3310
 CREATE_OBJECT_SYMBOLS
                0x00000000                PROVIDE (__cy_interrupt_vector, RomVectors)
 *(.romvectors)
 .romvectors    0x00000000       0x10 .\CortexM3\ARM_GCC_541\Debug\Cm3Start.o
                0x00000000                RomVectors
                0x00000001                ASSERT ((. != __cy_interrupt_vector), No interrupt vector)
                0x00000001                ASSERT (CY_APPL_ORIGIN?(SIZEOF (.cybootloader) <= CY_APPL_ORIGIN):0x1, Wrong image location)
                0x00000010                PROVIDE (__cy_reset, Reset)
 *(.text.Reset)
 .text.Reset    0x00000010       0x18 .\CortexM3\ARM_GCC_541\Debug\Cm3Start.o
                0x00000010                Reset
                0x00000001                ASSERT ((. != __cy_reset), No reset code)
 *(.dma_init)
                0x00000001                ASSERT ((((appl_start + .) <= 0x10000) || 0x1), DMA Init must be within the first 64k of flash)
 *(.text .text.* .gnu.linkonce.t.*)
 .text          0x00000028       0x5c d:/psoc creator/4.2/psoc creator/import/gnu/arm/5.4.1/bin/../lib/gcc/arm-none-eabi/5.4.1/armv7-m/crtbegin.o
 .text.Targetchanging
                0x00000084       0x74 .\CortexM3\ARM_GCC_541\Debug\main.o
                0x00000084                Targetchanging
 .text.firstByte
                0x000000f8        0x8 .\CortexM3\ARM_GCC_541\Debug\main.o
                0x000000f8                firstByte
 .text.forthByte
                0x00000100        0x4 .\CortexM3\ARM_GCC_541\Debug\main.o
                0x00000100                forthByte
 .text.MotorControl
                0x00000104      0x1a8 .\CortexM3\ARM_GCC_541\Debug\main.o
                0x00000104                MotorControl
 .text.main     0x000002ac       0x64 .\CortexM3\ARM_GCC_541\Debug\main.o
                0x000002ac                main
 .text.CyClockStartupError
                0x00000310        0x4 .\CortexM3\ARM_GCC_541\Debug\cyfitter_cfg.o
 .text.cfg_write_bytes32
                0x00000314       0x34 .\CortexM3\ARM_GCC_541\Debug\cyfitter_cfg.o
 .text.AnalogSetDefault
                0x00000348       0x28 .\CortexM3\ARM_GCC_541\Debug\cyfitter_cfg.o
 .text.CYMEMZERO
                0x00000370        0xc .\CortexM3\ARM_GCC_541\Debug\cyfitter_cfg.o
 .text.ClockSetup
                0x0000037c       0xb8 .\CortexM3\ARM_GCC_541\Debug\cyfitter_cfg.o
 .text.CYCONFIGCPY
                0x00000434        0x8 .\CortexM3\ARM_GCC_541\Debug\cyfitter_cfg.o
 .text.cyfitter_cfg
                0x0000043c      0x138 .\CortexM3\ARM_GCC_541\Debug\cyfitter_cfg.o
                0x0000043c                cyfitter_cfg
 .text.IntDefaultHandler
                0x00000574       0x10 .\CortexM3\ARM_GCC_541\Debug\Cm3Start.o
                0x00000574                IntDefaultHandler
 .text._sbrk    0x00000584       0x30 .\CortexM3\ARM_GCC_541\Debug\Cm3Start.o
                0x00000584                _sbrk
 .text.Start_c  0x000005b4       0x4c .\CortexM3\ARM_GCC_541\Debug\Cm3Start.o
                0x000005b4                Start_c
 .text.initialize_psoc
                0x00000600       0x68 .\CortexM3\ARM_GCC_541\Debug\Cm3Start.o
                0x00000600                initialize_psoc
 .text.isr_1_Interrupt
                0x00000668        0x4 .\CortexM3\ARM_GCC_541\Debug\Timertesting.a(isr_1.o)
                0x00000668                isr_1_Interrupt
 .text.isr_1_SetVector
                0x0000066c        0xc .\CortexM3\ARM_GCC_541\Debug\Timertesting.a(isr_1.o)
                0x0000066c                isr_1_SetVector
 .text.isr_1_SetPriority
                0x00000678       0x10 .\CortexM3\ARM_GCC_541\Debug\Timertesting.a(isr_1.o)
                0x00000678                isr_1_SetPriority
 .text.isr_1_Enable
                0x00000688        0xc .\CortexM3\ARM_GCC_541\Debug\Timertesting.a(isr_1.o)
                0x00000688                isr_1_Enable
 .text.isr_1_Disable
                0x00000694        0xc .\CortexM3\ARM_GCC_541\Debug\Timertesting.a(isr_1.o)
                0x00000694                isr_1_Disable
 .text.isr_1_Start
                0x000006a0       0x1c .\CortexM3\ARM_GCC_541\Debug\Timertesting.a(isr_1.o)
                0x000006a0                isr_1_Start
 .text.isr_1_StartEx
                0x000006bc       0x1c .\CortexM3\ARM_GCC_541\Debug\Timertesting.a(isr_1.o)
                0x000006bc                isr_1_StartEx
 .text.Direction_1_1_Write
                0x000006d8       0x18 .\CortexM3\ARM_GCC_541\Debug\Timertesting.a(Direction_1_1.o)
                0x000006d8                Direction_1_1_Write
 .text.Direction_1_2_Write
                0x000006f0       0x18 .\CortexM3\ARM_GCC_541\Debug\Timertesting.a(Direction_1_2.o)
                0x000006f0                Direction_1_2_Write
 .text.PWM_1_Enable
                0x00000708       0x10 .\CortexM3\ARM_GCC_541\Debug\Timertesting.a(PWM_1.o)
                0x00000708                PWM_1_Enable
 .text.PWM_1_WriteCounter
                0x00000718        0xc .\CortexM3\ARM_GCC_541\Debug\Timertesting.a(PWM_1.o)
                0x00000718                PWM_1_WriteCounter
 .text.PWM_1_WritePeriod
                0x00000724        0xc .\CortexM3\ARM_GCC_541\Debug\Timertesting.a(PWM_1.o)
                0x00000724                PWM_1_WritePeriod
 .text.PWM_1_WriteCompare
                0x00000730        0xc .\CortexM3\ARM_GCC_541\Debug\Timertesting.a(PWM_1.o)
                0x00000730                PWM_1_WriteCompare
 .text.PWM_1_SetInterruptMode
                0x0000073c        0xc .\CortexM3\ARM_GCC_541\Debug\Timertesting.a(PWM_1.o)
                0x0000073c                PWM_1_SetInterruptMode
 .text.PWM_1_ReadStatusRegister
                0x00000748        0xc .\CortexM3\ARM_GCC_541\Debug\Timertesting.a(PWM_1.o)
                0x00000748                PWM_1_ReadStatusRegister
 .text.PWM_1_ReadCapture
                0x00000754        0xc .\CortexM3\ARM_GCC_541\Debug\Timertesting.a(PWM_1.o)
                0x00000754                PWM_1_ReadCapture
 .text.PWM_1_ClearFIFO
                0x00000760       0x14 .\CortexM3\ARM_GCC_541\Debug\Timertesting.a(PWM_1.o)
                0x00000760                PWM_1_ClearFIFO
 .text.PWM_1_Init
                0x00000774       0x60 .\CortexM3\ARM_GCC_541\Debug\Timertesting.a(PWM_1.o)
                0x00000774                PWM_1_Init
 .text.PWM_1_Start
                0x000007d4       0x1c .\CortexM3\ARM_GCC_541\Debug\Timertesting.a(PWM_1.o)
                0x000007d4                PWM_1_Start
 .text.QuadDec_1_GetCounter
                0x000007f0       0x10 .\CortexM3\ARM_GCC_541\Debug\Timertesting.a(QuadDec_1.o)
                0x000007f0                QuadDec_1_GetCounter
 .text.QuadDec_1_SetCounter
                0x00000800       0x1c .\CortexM3\ARM_GCC_541\Debug\Timertesting.a(QuadDec_1.o)
                0x00000800                QuadDec_1_SetCounter
 .text.QuadDec_1_GetEvents
                0x0000081c       0x10 .\CortexM3\ARM_GCC_541\Debug\Timertesting.a(QuadDec_1.o)
                0x0000081c                QuadDec_1_GetEvents
 .text.QuadDec_1_SetInterruptMask
                0x0000082c        0xc .\CortexM3\ARM_GCC_541\Debug\Timertesting.a(QuadDec_1.o)
                0x0000082c                QuadDec_1_SetInterruptMask
 .text.QuadDec_1_Enable
                0x00000838       0x24 .\CortexM3\ARM_GCC_541\Debug\Timertesting.a(QuadDec_1.o)
                0x00000838                QuadDec_1_Enable
 .text.QuadDec_1_Start
                0x0000085c       0x24 .\CortexM3\ARM_GCC_541\Debug\Timertesting.a(QuadDec_1.o)
                0x0000085c                QuadDec_1_Start
 .text.QuadDec_1_Cnt16_Enable
                0x00000880       0x10 .\CortexM3\ARM_GCC_541\Debug\Timertesting.a(QuadDec_1_Cnt16.o)
                0x00000880                QuadDec_1_Cnt16_Enable
 .text.QuadDec_1_Cnt16_SetInterruptMode
                0x00000890        0xc .\CortexM3\ARM_GCC_541\Debug\Timertesting.a(QuadDec_1_Cnt16.o)
                0x00000890                QuadDec_1_Cnt16_SetInterruptMode
 .text.QuadDec_1_Cnt16_ReadStatusRegister
                0x0000089c        0xc .\CortexM3\ARM_GCC_541\Debug\Timertesting.a(QuadDec_1_Cnt16.o)
                0x0000089c                QuadDec_1_Cnt16_ReadStatusRegister
 .text.QuadDec_1_Cnt16_WriteCounter
                0x000008a8        0xc .\CortexM3\ARM_GCC_541\Debug\Timertesting.a(QuadDec_1_Cnt16.o)
                0x000008a8                QuadDec_1_Cnt16_WriteCounter
 .text.QuadDec_1_Cnt16_ReadCounter
                0x000008b4       0x14 .\CortexM3\ARM_GCC_541\Debug\Timertesting.a(QuadDec_1_Cnt16.o)
                0x000008b4                QuadDec_1_Cnt16_ReadCounter
 .text.QuadDec_1_Cnt16_ReadCapture
                0x000008c8        0xc .\CortexM3\ARM_GCC_541\Debug\Timertesting.a(QuadDec_1_Cnt16.o)
                0x000008c8                QuadDec_1_Cnt16_ReadCapture
 .text.QuadDec_1_Cnt16_WritePeriod
                0x000008d4        0xc .\CortexM3\ARM_GCC_541\Debug\Timertesting.a(QuadDec_1_Cnt16.o)
                0x000008d4                QuadDec_1_Cnt16_WritePeriod
 .text.QuadDec_1_Cnt16_WriteCompare
                0x000008e0        0xc .\CortexM3\ARM_GCC_541\Debug\Timertesting.a(QuadDec_1_Cnt16.o)
                0x000008e0                QuadDec_1_Cnt16_WriteCompare
 .text.QuadDec_1_Cnt16_ClearFIFO
                0x000008ec       0x14 .\CortexM3\ARM_GCC_541\Debug\Timertesting.a(QuadDec_1_Cnt16.o)
                0x000008ec                QuadDec_1_Cnt16_ClearFIFO
 .text.QuadDec_1_Cnt16_Init
                0x00000900       0x58 .\CortexM3\ARM_GCC_541\Debug\Timertesting.a(QuadDec_1_Cnt16.o)
                0x00000900                QuadDec_1_Cnt16_Init
 .text.QuadDec_1_Cnt16_Start
                0x00000958       0x1c .\CortexM3\ARM_GCC_541\Debug\Timertesting.a(QuadDec_1_Cnt16.o)
                0x00000958                QuadDec_1_Cnt16_Start
 .text.QuadDec_2_GetCounter
                0x00000974       0x10 .\CortexM3\ARM_GCC_541\Debug\Timertesting.a(QuadDec_2.o)
                0x00000974                QuadDec_2_GetCounter
 .text.QuadDec_2_SetCounter
                0x00000984       0x1c .\CortexM3\ARM_GCC_541\Debug\Timertesting.a(QuadDec_2.o)
                0x00000984                QuadDec_2_SetCounter
 .text.QuadDec_2_GetEvents
                0x000009a0       0x10 .\CortexM3\ARM_GCC_541\Debug\Timertesting.a(QuadDec_2.o)
                0x000009a0                QuadDec_2_GetEvents
 .text.QuadDec_2_SetInterruptMask
                0x000009b0        0xc .\CortexM3\ARM_GCC_541\Debug\Timertesting.a(QuadDec_2.o)
                0x000009b0                QuadDec_2_SetInterruptMask
 .text.QuadDec_2_Enable
                0x000009bc       0x24 .\CortexM3\ARM_GCC_541\Debug\Timertesting.a(QuadDec_2.o)
                0x000009bc                QuadDec_2_Enable
 .text.QuadDec_2_Start
                0x000009e0       0x24 .\CortexM3\ARM_GCC_541\Debug\Timertesting.a(QuadDec_2.o)
                0x000009e0                QuadDec_2_Start
 .text.PWM_2_Enable
                0x00000a04       0x10 .\CortexM3\ARM_GCC_541\Debug\Timertesting.a(PWM_2.o)
                0x00000a04                PWM_2_Enable
 .text.PWM_2_WriteCounter
                0x00000a14        0xc .\CortexM3\ARM_GCC_541\Debug\Timertesting.a(PWM_2.o)
                0x00000a14                PWM_2_WriteCounter
 .text.PWM_2_WritePeriod
                0x00000a20        0xc .\CortexM3\ARM_GCC_541\Debug\Timertesting.a(PWM_2.o)
                0x00000a20                PWM_2_WritePeriod
 .text.PWM_2_WriteCompare
                0x00000a2c        0xc .\CortexM3\ARM_GCC_541\Debug\Timertesting.a(PWM_2.o)
                0x00000a2c                PWM_2_WriteCompare
 .text.PWM_2_SetInterruptMode
                0x00000a38        0xc .\CortexM3\ARM_GCC_541\Debug\Timertesting.a(PWM_2.o)
                0x00000a38                PWM_2_SetInterruptMode
 .text.PWM_2_ReadStatusRegister
                0x00000a44        0xc .\CortexM3\ARM_GCC_541\Debug\Timertesting.a(PWM_2.o)
                0x00000a44                PWM_2_ReadStatusRegister
 .text.PWM_2_ReadCapture
                0x00000a50        0xc .\CortexM3\ARM_GCC_541\Debug\Timertesting.a(PWM_2.o)
                0x00000a50                PWM_2_ReadCapture
 .text.PWM_2_ClearFIFO
                0x00000a5c       0x14 .\CortexM3\ARM_GCC_541\Debug\Timertesting.a(PWM_2.o)
                0x00000a5c                PWM_2_ClearFIFO
 .text.PWM_2_Init
                0x00000a70       0x60 .\CortexM3\ARM_GCC_541\Debug\Timertesting.a(PWM_2.o)
                0x00000a70                PWM_2_Init
 .text.PWM_2_Start
                0x00000ad0       0x1c .\CortexM3\ARM_GCC_541\Debug\Timertesting.a(PWM_2.o)
                0x00000ad0                PWM_2_Start
 .text.QuadDec_2_Cnt16_Enable
                0x00000aec       0x10 .\CortexM3\ARM_GCC_541\Debug\Timertesting.a(QuadDec_2_Cnt16.o)
                0x00000aec                QuadDec_2_Cnt16_Enable
 .text.QuadDec_2_Cnt16_SetInterruptMode
                0x00000afc        0xc .\CortexM3\ARM_GCC_541\Debug\Timertesting.a(QuadDec_2_Cnt16.o)
                0x00000afc                QuadDec_2_Cnt16_SetInterruptMode
 .text.QuadDec_2_Cnt16_ReadStatusRegister
                0x00000b08        0xc .\CortexM3\ARM_GCC_541\Debug\Timertesting.a(QuadDec_2_Cnt16.o)
                0x00000b08                QuadDec_2_Cnt16_ReadStatusRegister
 .text.QuadDec_2_Cnt16_WriteCounter
                0x00000b14        0xc .\CortexM3\ARM_GCC_541\Debug\Timertesting.a(QuadDec_2_Cnt16.o)
                0x00000b14                QuadDec_2_Cnt16_WriteCounter
 .text.QuadDec_2_Cnt16_ReadCounter
                0x00000b20       0x14 .\CortexM3\ARM_GCC_541\Debug\Timertesting.a(QuadDec_2_Cnt16.o)
                0x00000b20                QuadDec_2_Cnt16_ReadCounter
 .text.QuadDec_2_Cnt16_ReadCapture
                0x00000b34        0xc .\CortexM3\ARM_GCC_541\Debug\Timertesting.a(QuadDec_2_Cnt16.o)
                0x00000b34                QuadDec_2_Cnt16_ReadCapture
 .text.QuadDec_2_Cnt16_WritePeriod
                0x00000b40        0xc .\CortexM3\ARM_GCC_541\Debug\Timertesting.a(QuadDec_2_Cnt16.o)
                0x00000b40                QuadDec_2_Cnt16_WritePeriod
 .text.QuadDec_2_Cnt16_WriteCompare
                0x00000b4c        0xc .\CortexM3\ARM_GCC_541\Debug\Timertesting.a(QuadDec_2_Cnt16.o)
                0x00000b4c                QuadDec_2_Cnt16_WriteCompare
 .text.QuadDec_2_Cnt16_ClearFIFO
                0x00000b58       0x14 .\CortexM3\ARM_GCC_541\Debug\Timertesting.a(QuadDec_2_Cnt16.o)
                0x00000b58                QuadDec_2_Cnt16_ClearFIFO
 .text.QuadDec_2_Cnt16_Init
                0x00000b6c       0x58 .\CortexM3\ARM_GCC_541\Debug\Timertesting.a(QuadDec_2_Cnt16.o)
                0x00000b6c                QuadDec_2_Cnt16_Init
 .text.QuadDec_2_Cnt16_Start
                0x00000bc4       0x1c .\CortexM3\ARM_GCC_541\Debug\Timertesting.a(QuadDec_2_Cnt16.o)
                0x00000bc4                QuadDec_2_Cnt16_Start
 .text.UART_Init
                0x00000be0       0x28 .\CortexM3\ARM_GCC_541\Debug\Timertesting.a(UART.o)
                0x00000be0                UART_Init
 .text.UART_Enable
                0x00000c08       0x38 .\CortexM3\ARM_GCC_541\Debug\Timertesting.a(UART.o)
                0x00000c08                UART_Enable
 .text.UART_Start
                0x00000c40       0x1c .\CortexM3\ARM_GCC_541\Debug\Timertesting.a(UART.o)
                0x00000c40                UART_Start
 .text.UART_GetChar
                0x00000c5c       0x2c .\CortexM3\ARM_GCC_541\Debug\Timertesting.a(UART.o)
                0x00000c5c                UART_GetChar
 .text.UART_ClearRxBuffer
                0x00000c88       0x24 .\CortexM3\ARM_GCC_541\Debug\Timertesting.a(UART.o)
                0x00000c88                UART_ClearRxBuffer
 .text.UART_PutChar
                0x00000cac       0x18 .\CortexM3\ARM_GCC_541\Debug\Timertesting.a(UART.o)
                0x00000cac                UART_PutChar
 .text.UART_PutArray
                0x00000cc4       0x28 .\CortexM3\ARM_GCC_541\Debug\Timertesting.a(UART.o)
                0x00000cc4                UART_PutArray
 .text.Direction_2_1_Write
                0x00000cec       0x18 .\CortexM3\ARM_GCC_541\Debug\Timertesting.a(Direction_2_1.o)
                0x00000cec                Direction_2_1_Write
 .text.Direction_2_2_Write
                0x00000d04       0x18 .\CortexM3\ARM_GCC_541\Debug\Timertesting.a(Direction_2_2.o)
                0x00000d04                Direction_2_2_Write
 .text.UART_IntClock_Start
                0x00000d1c       0x1c .\CortexM3\ARM_GCC_541\Debug\Timertesting.a(UART_IntClock.o)
                0x00000d1c                UART_IntClock_Start
 .text.isr_motor_Interrupt
                0x00000d38        0x4 .\CortexM3\ARM_GCC_541\Debug\Timertesting.a(isr_motor.o)
                0x00000d38                isr_motor_Interrupt
 .text.isr_motor_SetVector
                0x00000d3c        0xc .\CortexM3\ARM_GCC_541\Debug\Timertesting.a(isr_motor.o)
                0x00000d3c                isr_motor_SetVector
 .text.isr_motor_SetPriority
                0x00000d48       0x10 .\CortexM3\ARM_GCC_541\Debug\Timertesting.a(isr_motor.o)
                0x00000d48                isr_motor_SetPriority
 .text.isr_motor_Enable
                0x00000d58        0xc .\CortexM3\ARM_GCC_541\Debug\Timertesting.a(isr_motor.o)
                0x00000d58                isr_motor_Enable
 .text.isr_motor_Disable
                0x00000d64        0xc .\CortexM3\ARM_GCC_541\Debug\Timertesting.a(isr_motor.o)
                0x00000d64                isr_motor_Disable
 .text.isr_motor_Start
                0x00000d70       0x1c .\CortexM3\ARM_GCC_541\Debug\Timertesting.a(isr_motor.o)
                0x00000d70                isr_motor_Start
 .text.isr_motor_StartEx
                0x00000d8c       0x1c .\CortexM3\ARM_GCC_541\Debug\Timertesting.a(isr_motor.o)
                0x00000d8c                isr_motor_StartEx
 .text.Timer_Enable
                0x00000da8       0x10 .\CortexM3\ARM_GCC_541\Debug\Timertesting.a(Timer.o)
                0x00000da8                Timer_Enable
 .text.Timer_SetInterruptMode
                0x00000db8        0xc .\CortexM3\ARM_GCC_541\Debug\Timertesting.a(Timer.o)
                0x00000db8                Timer_SetInterruptMode
 .text.Timer_ReadStatusRegister
                0x00000dc4        0xc .\CortexM3\ARM_GCC_541\Debug\Timertesting.a(Timer.o)
                0x00000dc4                Timer_ReadStatusRegister
 .text.Timer_WritePeriod
                0x00000dd0        0xc .\CortexM3\ARM_GCC_541\Debug\Timertesting.a(Timer.o)
                0x00000dd0                Timer_WritePeriod
 .text.Timer_ReadCapture
                0x00000ddc        0xc .\CortexM3\ARM_GCC_541\Debug\Timertesting.a(Timer.o)
                0x00000ddc                Timer_ReadCapture
 .text.Timer_WriteCounter
                0x00000de8        0xc .\CortexM3\ARM_GCC_541\Debug\Timertesting.a(Timer.o)
                0x00000de8                Timer_WriteCounter
 .text.Timer_ClearFIFO
                0x00000df4       0x14 .\CortexM3\ARM_GCC_541\Debug\Timertesting.a(Timer.o)
                0x00000df4                Timer_ClearFIFO
 .text.Timer_Init
                0x00000e08       0x34 .\CortexM3\ARM_GCC_541\Debug\Timertesting.a(Timer.o)
                0x00000e08                Timer_Init
 .text.Timer_Start
                0x00000e3c       0x1c .\CortexM3\ARM_GCC_541\Debug\Timertesting.a(Timer.o)
                0x00000e3c                Timer_Start
 .text          0x00000e58       0x20 .\CortexM3\ARM_GCC_541\Debug\Timertesting.a(CyBootAsmGnu.o)
                0x00000e58                CyDelayCycles
                0x00000e68                CyEnterCriticalSection
                0x00000e70                CyExitCriticalSection
 .text.atoi     0x00000e78        0x8 d:/psoc creator/4.2/psoc creator/import/gnu/arm/5.4.1/bin/../lib/gcc/arm-none-eabi/5.4.1/../../../../arm-none-eabi/lib/armv7-m\libg_nano.a(lib_a-atoi.o)
                0x00000e78                atoi
 .text.__errno  0x00000e80        0xc d:/psoc creator/4.2/psoc creator/import/gnu/arm/5.4.1/bin/../lib/gcc/arm-none-eabi/5.4.1/../../../../arm-none-eabi/lib/armv7-m\libg_nano.a(lib_a-errno.o)
                0x00000e80                __errno
 .text.__libc_init_array
                0x00000e8c       0x4c d:/psoc creator/4.2/psoc creator/import/gnu/arm/5.4.1/bin/../lib/gcc/arm-none-eabi/5.4.1/../../../../arm-none-eabi/lib/armv7-m\libg_nano.a(lib_a-init.o)
                0x00000e8c                __libc_init_array
 .text.memcpy   0x00000ed8       0x16 d:/psoc creator/4.2/psoc creator/import/gnu/arm/5.4.1/bin/../lib/gcc/arm-none-eabi/5.4.1/../../../../arm-none-eabi/lib/armv7-m\libg_nano.a(lib_a-memcpy-stub.o)
                0x00000ed8                memcpy
 .text.memset   0x00000eee       0x10 d:/psoc creator/4.2/psoc creator/import/gnu/arm/5.4.1/bin/../lib/gcc/arm-none-eabi/5.4.1/../../../../arm-none-eabi/lib/armv7-m\libg_nano.a(lib_a-memset.o)
                0x00000eee                memset
 .text.__cvt    0x00000efe       0xc0 d:/psoc creator/4.2/psoc creator/import/gnu/arm/5.4.1/bin/../lib/gcc/arm-none-eabi/5.4.1/../../../../arm-none-eabi/lib/armv7-m\libg_nano.a(lib_a-nano-vfprintf_float.o)
                0x00000efe                __cvt
 .text.__exponent
                0x00000fbe       0x62 d:/psoc creator/4.2/psoc creator/import/gnu/arm/5.4.1/bin/../lib/gcc/arm-none-eabi/5.4.1/../../../../arm-none-eabi/lib/armv7-m\libg_nano.a(lib_a-nano-vfprintf_float.o)
                0x00000fbe                __exponent
 .text._printf_float
                0x00001020      0x488 d:/psoc creator/4.2/psoc creator/import/gnu/arm/5.4.1/bin/../lib/gcc/arm-none-eabi/5.4.1/../../../../arm-none-eabi/lib/armv7-m\libg_nano.a(lib_a-nano-vfprintf_float.o)
                0x00001020                _printf_float
 .text._printf_common
                0x000014a8       0xec d:/psoc creator/4.2/psoc creator/import/gnu/arm/5.4.1/bin/../lib/gcc/arm-none-eabi/5.4.1/../../../../arm-none-eabi/lib/armv7-m\libg_nano.a(lib_a-nano-vfprintf_i.o)
                0x000014a8                _printf_common
 .text.strcat   0x00001594       0x1e d:/psoc creator/4.2/psoc creator/import/gnu/arm/5.4.1/bin/../lib/gcc/arm-none-eabi/5.4.1/../../../../arm-none-eabi/lib/armv7-m\libg_nano.a(lib_a-strcat.o)
                0x00001594                strcat
 .text          0x000015b2       0x10 d:/psoc creator/4.2/psoc creator/import/gnu/arm/5.4.1/bin/../lib/gcc/arm-none-eabi/5.4.1/../../../../arm-none-eabi/lib/armv7-m\libg_nano.a(lib_a-strlen.o)
                0x000015b2                strlen
 *fill*         0x000015c2        0x2 
 .text._strtol_r
                0x000015c4      0x10c d:/psoc creator/4.2/psoc creator/import/gnu/arm/5.4.1/bin/../lib/gcc/arm-none-eabi/5.4.1/../../../../arm-none-eabi/lib/armv7-m\libg_nano.a(lib_a-strtol.o)
                0x000015c4                _strtol_r
 .text.strtol   0x000016d0       0x14 d:/psoc creator/4.2/psoc creator/import/gnu/arm/5.4.1/bin/../lib/gcc/arm-none-eabi/5.4.1/../../../../arm-none-eabi/lib/armv7-m\libg_nano.a(lib_a-strtol.o)
                0x000016d0                strtol
 .text.quorem   0x000016e4      0x116 d:/psoc creator/4.2/psoc creator/import/gnu/arm/5.4.1/bin/../lib/gcc/arm-none-eabi/5.4.1/../../../../arm-none-eabi/lib/armv7-m\libg_nano.a(lib_a-dtoa.o)
 *fill*         0x000017fa        0x6 
 .text._dtoa_r  0x00001800      0xb30 d:/psoc creator/4.2/psoc creator/import/gnu/arm/5.4.1/bin/../lib/gcc/arm-none-eabi/5.4.1/../../../../arm-none-eabi/lib/armv7-m\libg_nano.a(lib_a-dtoa.o)
                0x00001800                _dtoa_r
 .text._localeconv_r
                0x00002330        0x8 d:/psoc creator/4.2/psoc creator/import/gnu/arm/5.4.1/bin/../lib/gcc/arm-none-eabi/5.4.1/../../../../arm-none-eabi/lib/armv7-m\libg_nano.a(lib_a-locale.o)
                0x00002330                _localeconv_r
 .text.malloc   0x00002338       0x10 d:/psoc creator/4.2/psoc creator/import/gnu/arm/5.4.1/bin/../lib/gcc/arm-none-eabi/5.4.1/../../../../arm-none-eabi/lib/armv7-m\libg_nano.a(lib_a-malloc.o)
                0x00002338                malloc
 .text._Balloc  0x00002348       0x6a d:/psoc creator/4.2/psoc creator/import/gnu/arm/5.4.1/bin/../lib/gcc/arm-none-eabi/5.4.1/../../../../arm-none-eabi/lib/armv7-m\libg_nano.a(lib_a-mprec.o)
                0x00002348                _Balloc
 .text._Bfree   0x000023b2       0x2e d:/psoc creator/4.2/psoc creator/import/gnu/arm/5.4.1/bin/../lib/gcc/arm-none-eabi/5.4.1/../../../../arm-none-eabi/lib/armv7-m\libg_nano.a(lib_a-mprec.o)
                0x000023b2                _Bfree
 .text.__multadd
                0x000023e0       0x76 d:/psoc creator/4.2/psoc creator/import/gnu/arm/5.4.1/bin/../lib/gcc/arm-none-eabi/5.4.1/../../../../arm-none-eabi/lib/armv7-m\libg_nano.a(lib_a-mprec.o)
                0x000023e0                __multadd
 .text.__hi0bits
                0x00002456       0x40 d:/psoc creator/4.2/psoc creator/import/gnu/arm/5.4.1/bin/../lib/gcc/arm-none-eabi/5.4.1/../../../../arm-none-eabi/lib/armv7-m\libg_nano.a(lib_a-mprec.o)
                0x00002456                __hi0bits
 .text.__lo0bits
                0x00002496       0x5a d:/psoc creator/4.2/psoc creator/import/gnu/arm/5.4.1/bin/../lib/gcc/arm-none-eabi/5.4.1/../../../../arm-none-eabi/lib/armv7-m\libg_nano.a(lib_a-mprec.o)
                0x00002496                __lo0bits
 .text.__i2b    0x000024f0       0x12 d:/psoc creator/4.2/psoc creator/import/gnu/arm/5.4.1/bin/../lib/gcc/arm-none-eabi/5.4.1/../../../../arm-none-eabi/lib/armv7-m\libg_nano.a(lib_a-mprec.o)
                0x000024f0                __i2b
 .text.__multiply
                0x00002502      0x120 d:/psoc creator/4.2/psoc creator/import/gnu/arm/5.4.1/bin/../lib/gcc/arm-none-eabi/5.4.1/../../../../arm-none-eabi/lib/armv7-m\libg_nano.a(lib_a-mprec.o)
                0x00002502                __multiply
 *fill*         0x00002622        0x2 
 .text.__pow5mult
                0x00002624       0x9c d:/psoc creator/4.2/psoc creator/import/gnu/arm/5.4.1/bin/../lib/gcc/arm-none-eabi/5.4.1/../../../../arm-none-eabi/lib/armv7-m\libg_nano.a(lib_a-mprec.o)
                0x00002624                __pow5mult
 .text.__lshift
                0x000026c0       0xa2 d:/psoc creator/4.2/psoc creator/import/gnu/arm/5.4.1/bin/../lib/gcc/arm-none-eabi/5.4.1/../../../../arm-none-eabi/lib/armv7-m\libg_nano.a(lib_a-mprec.o)
                0x000026c0                __lshift
 .text.__mcmp   0x00002762       0x38 d:/psoc creator/4.2/psoc creator/import/gnu/arm/5.4.1/bin/../lib/gcc/arm-none-eabi/5.4.1/../../../../arm-none-eabi/lib/armv7-m\libg_nano.a(lib_a-mprec.o)
                0x00002762                __mcmp
 .text.__mdiff  0x0000279a       0xbe d:/psoc creator/4.2/psoc creator/import/gnu/arm/5.4.1/bin/../lib/gcc/arm-none-eabi/5.4.1/../../../../arm-none-eabi/lib/armv7-m\libg_nano.a(lib_a-mprec.o)
                0x0000279a                __mdiff
 .text.__d2b    0x00002858       0x9c d:/psoc creator/4.2/psoc creator/import/gnu/arm/5.4.1/bin/../lib/gcc/arm-none-eabi/5.4.1/../../../../arm-none-eabi/lib/armv7-m\libg_nano.a(lib_a-mprec.o)
                0x00002858                __d2b
 .text._calloc_r
                0x000028f4       0x1c d:/psoc creator/4.2/psoc creator/import/gnu/arm/5.4.1/bin/../lib/gcc/arm-none-eabi/5.4.1/../../../../arm-none-eabi/lib/armv7-m\libg_nano.a(lib_a-nano-callocr.o)
                0x000028f4                _calloc_r
 .text._malloc_r
                0x00002910       0xbc d:/psoc creator/4.2/psoc creator/import/gnu/arm/5.4.1/bin/../lib/gcc/arm-none-eabi/5.4.1/../../../../arm-none-eabi/lib/armv7-m\libg_nano.a(lib_a-nano-mallocr.o)
                0x00002910                _malloc_r
 .text._sbrk_r  0x000029cc       0x20 d:/psoc creator/4.2/psoc creator/import/gnu/arm/5.4.1/bin/../lib/gcc/arm-none-eabi/5.4.1/../../../../arm-none-eabi/lib/armv7-m\libg_nano.a(lib_a-sbrkr.o)
                0x000029cc                _sbrk_r
 .text.__malloc_lock
                0x000029ec        0x2 d:/psoc creator/4.2/psoc creator/import/gnu/arm/5.4.1/bin/../lib/gcc/arm-none-eabi/5.4.1/../../../../arm-none-eabi/lib/armv7-m\libg_nano.a(lib_a-mlock.o)
                0x000029ec                __malloc_lock
 .text.__malloc_unlock
                0x000029ee        0x2 d:/psoc creator/4.2/psoc creator/import/gnu/arm/5.4.1/bin/../lib/gcc/arm-none-eabi/5.4.1/../../../../arm-none-eabi/lib/armv7-m\libg_nano.a(lib_a-mlock.o)
                0x000029ee                __malloc_unlock
 .text          0x000029f0      0x370 d:/psoc creator/4.2/psoc creator/import/gnu/arm/5.4.1/bin/../lib/gcc/arm-none-eabi/5.4.1/armv7-m\libgcc.a(_arm_addsubdf3.o)
                0x000029f0                __aeabi_drsub
                0x000029f8                __aeabi_dsub
                0x000029f8                __subdf3
                0x000029fc                __aeabi_dadd
                0x000029fc                __adddf3
                0x00002c74                __floatunsidf
                0x00002c74                __aeabi_ui2d
                0x00002c94                __floatsidf
                0x00002c94                __aeabi_i2d
                0x00002cb8                __aeabi_f2d
                0x00002cb8                __extendsfdf2
                0x00002cf4                __floatundidf
                0x00002cf4                __aeabi_ul2d
                0x00002d04                __floatdidf
                0x00002d04                __aeabi_l2d
 .text          0x00002d60      0x424 d:/psoc creator/4.2/psoc creator/import/gnu/arm/5.4.1/bin/../lib/gcc/arm-none-eabi/5.4.1/armv7-m\libgcc.a(_arm_muldivdf3.o)
                0x00002d60                __aeabi_dmul
                0x00002d60                __muldf3
                0x00002fb4                __divdf3
                0x00002fb4                __aeabi_ddiv
 .text          0x00003184      0x110 d:/psoc creator/4.2/psoc creator/import/gnu/arm/5.4.1/bin/../lib/gcc/arm-none-eabi/5.4.1/armv7-m\libgcc.a(_arm_cmpdf2.o)
                0x00003184                __gtdf2
                0x00003184                __gedf2
                0x0000318c                __ltdf2
                0x0000318c                __ledf2
                0x00003194                __nedf2
                0x00003194                __eqdf2
                0x00003194                __cmpdf2
                0x00003210                __aeabi_cdrcmple
                0x00003220                __aeabi_cdcmpeq
                0x00003220                __aeabi_cdcmple
                0x00003230                __aeabi_dcmpeq
                0x00003244                __aeabi_dcmplt
                0x00003258                __aeabi_dcmple
                0x0000326c                __aeabi_dcmpge
                0x00003280                __aeabi_dcmpgt
 .text          0x00003294       0x2c d:/psoc creator/4.2/psoc creator/import/gnu/arm/5.4.1/bin/../lib/gcc/arm-none-eabi/5.4.1/armv7-m\libgcc.a(_arm_unorddf2.o)
                0x00003294                __unorddf2
                0x00003294                __aeabi_dcmpun
 .text          0x000032c0       0x50 d:/psoc creator/4.2/psoc creator/import/gnu/arm/5.4.1/bin/../lib/gcc/arm-none-eabi/5.4.1/armv7-m\libgcc.a(_arm_fixdfsi.o)
                0x000032c0                __aeabi_d2iz
                0x000032c0                __fixdfsi
 *(.plt)
 *(.gnu.warning)
 *(.glue_7t)
 .glue_7t       0x00003310        0x0 linker stubs
 *(.glue_7)
 .glue_7        0x00003310        0x0 linker stubs
 *(.vfp11_veneer)
 .vfp11_veneer  0x00003310        0x0 linker stubs
 *(.bootloader)
 *(.ARM.extab* .gnu.linkonce.armextab.*)
 *(.gcc_except_table)

.v4_bx          0x00003310        0x0
 .v4_bx         0x00003310        0x0 linker stubs

.iplt           0x00003310        0x0
 .iplt          0x00003310        0x0 d:/psoc creator/4.2/psoc creator/import/gnu/arm/5.4.1/bin/../lib/gcc/arm-none-eabi/5.4.1/armv7-m/crtbegin.o

.eh_frame_hdr
 *(.eh_frame_hdr)

.eh_frame       0x00003310        0x4
 *(.eh_frame)
 .eh_frame      0x00003310        0x0 d:/psoc creator/4.2/psoc creator/import/gnu/arm/5.4.1/bin/../lib/gcc/arm-none-eabi/5.4.1/armv7-m/crtbegin.o
 .eh_frame      0x00003310        0x4 d:/psoc creator/4.2/psoc creator/import/gnu/arm/5.4.1/bin/../lib/gcc/arm-none-eabi/5.4.1/armv7-m/crtend.o
                [!provide]                PROVIDE (__exidx_start, .)

.ARM.exidx
 *(.ARM.exidx* .gnu.linkonce.armexidx.*)
                0x00003314                __exidx_end = .

.rodata         0x00003318      0x2a8
 *(.rodata .rodata.* .gnu.linkonce.r.*)
 .rodata        0x00003318       0x44 .\CortexM3\ARM_GCC_541\Debug\cyfitter_cfg.o
 .rodata.str1.1
                0x0000335c        0x2 d:/psoc creator/4.2/psoc creator/import/gnu/arm/5.4.1/bin/../lib/gcc/arm-none-eabi/5.4.1/../../../../arm-none-eabi/lib/armv7-m\libg_nano.a(lib_a-impure.o)
 .rodata.str1.1
                0x0000335e       0x12 d:/psoc creator/4.2/psoc creator/import/gnu/arm/5.4.1/bin/../lib/gcc/arm-none-eabi/5.4.1/../../../../arm-none-eabi/lib/armv7-m\libg_nano.a(lib_a-nano-vfprintf_float.o)
 .rodata._ctype_
                0x00003370      0x101 d:/psoc creator/4.2/psoc creator/import/gnu/arm/5.4.1/bin/../lib/gcc/arm-none-eabi/5.4.1/../../../../arm-none-eabi/lib/armv7-m\libg_nano.a(lib_a-ctype_.o)
                0x00003370                _ctype_
 .rodata.str1.1
                0x00003471        0xd d:/psoc creator/4.2/psoc creator/import/gnu/arm/5.4.1/bin/../lib/gcc/arm-none-eabi/5.4.1/../../../../arm-none-eabi/lib/armv7-m\libg_nano.a(lib_a-dtoa.o)
                                  0xf (size before relaxing)
 .rodata.str1.1
                0x0000347e        0x8 d:/psoc creator/4.2/psoc creator/import/gnu/arm/5.4.1/bin/../lib/gcc/arm-none-eabi/5.4.1/../../../../arm-none-eabi/lib/armv7-m\libg_nano.a(lib_a-locale.o)
                                  0xb (size before relaxing)
 *fill*         0x00003486        0x2 
 .rodata.__mprec_tens
                0x00003488       0xc8 d:/psoc creator/4.2/psoc creator/import/gnu/arm/5.4.1/bin/../lib/gcc/arm-none-eabi/5.4.1/../../../../arm-none-eabi/lib/armv7-m\libg_nano.a(lib_a-mprec.o)
                0x00003488                __mprec_tens
 .rodata.p05.5408
                0x00003550        0xc d:/psoc creator/4.2/psoc creator/import/gnu/arm/5.4.1/bin/../lib/gcc/arm-none-eabi/5.4.1/../../../../arm-none-eabi/lib/armv7-m\libg_nano.a(lib_a-mprec.o)
 *fill*         0x0000355c        0x4 
 .rodata.__mprec_bigtens
                0x00003560       0x28 d:/psoc creator/4.2/psoc creator/import/gnu/arm/5.4.1/bin/../lib/gcc/arm-none-eabi/5.4.1/../../../../arm-none-eabi/lib/armv7-m\libg_nano.a(lib_a-mprec.o)
                0x00003560                __mprec_bigtens
                0x00003588                . = ALIGN (0x4)
 *(.init)
 .init          0x00003588        0x4 d:/psoc creator/4.2/psoc creator/import/gnu/arm/5.4.1/bin/../lib/gcc/arm-none-eabi/5.4.1/armv7-m/crti.o
                0x00003588                _init
 .init          0x0000358c        0x8 d:/psoc creator/4.2/psoc creator/import/gnu/arm/5.4.1/bin/../lib/gcc/arm-none-eabi/5.4.1/armv7-m/crtn.o
                0x00003594                . = ALIGN (0x4)
                0x00003594                __preinit_array_start = .
 *(.preinit_array)
                0x00003594                __preinit_array_end = .
                0x00003594                . = ALIGN (0x4)
                0x00003594                __init_array_start = .
 *(SORT(.init_array.*))
 *(.init_array)
 .init_array    0x00003594        0x4 d:/psoc creator/4.2/psoc creator/import/gnu/arm/5.4.1/bin/../lib/gcc/arm-none-eabi/5.4.1/armv7-m/crtbegin.o
 .init_array    0x00003598        0x4 .\CortexM3\ARM_GCC_541\Debug\Cm3Start.o
                0x0000359c                __init_array_end = .
                0x0000359c                . = ALIGN (0x4)
 *(.fini)
 .fini          0x0000359c        0x4 d:/psoc creator/4.2/psoc creator/import/gnu/arm/5.4.1/bin/../lib/gcc/arm-none-eabi/5.4.1/armv7-m/crti.o
                0x0000359c                _fini
 .fini          0x000035a0        0x8 d:/psoc creator/4.2/psoc creator/import/gnu/arm/5.4.1/bin/../lib/gcc/arm-none-eabi/5.4.1/armv7-m/crtn.o
                0x000035a8                . = ALIGN (0x4)
                0x000035a8                __fini_array_start = .
 *(.fini_array)
 .fini_array    0x000035a8        0x4 d:/psoc creator/4.2/psoc creator/import/gnu/arm/5.4.1/bin/../lib/gcc/arm-none-eabi/5.4.1/armv7-m/crtbegin.o
 *(SORT(.fini_array.*))
                0x000035ac                __fini_array_end = .
                0x000035ac                . = ALIGN (0x4)
 *crtbegin.o(.ctors)
 *(EXCLUDE_FILE(*crtend.o) .ctors)
 *(SORT(.ctors.*))
 *crtend.o(.ctors)
                0x000035ac                . = ALIGN (0x4)
 *crtbegin.o(.dtors)
 *(EXCLUDE_FILE(*crtend.o) .dtors)
 *(SORT(.dtors.*))
 *crtend.o(.dtors)
                0x000035ac                . = ALIGN (0x4)
                0x000035ac                __cy_regions = .
                0x000035ac        0x4 LONG 0x35c0 __cy_region_init_ram
                0x000035b0        0x4 LONG 0x1fff80c8 __cy_region_start_data
                0x000035b4        0x4 LONG 0xb0 __cy_region_init_size_ram
                0x000035b8        0x4 LONG 0x98 __cy_region_zero_size_ram
                0x000035bc                __cy_regions_end = .
                0x000035c0                . = ALIGN (0x8)
 *fill*         0x000035bc        0x4 
                0x000035c0                _etext = .

.cy_checksum_exclude
                0x000035c0        0x0
 *(.cy_checksum_exclude)

.ramvectors     0x1fff8000       0xc0
                0x1fff8000                __cy_region_start_ram = .
 *(.ramvectors)
 .ramvectors    0x1fff8000       0xc0 .\CortexM3\ARM_GCC_541\Debug\Cm3Start.o
                0x1fff8000                CyRamVectors

.noinit         0x1fff80c0        0x1
 *(.noinit)
 .noinit        0x1fff80c0        0x1 .\CortexM3\ARM_GCC_541\Debug\Timertesting.a(CyLib.o)
                0x1fff80c0                CyResetStatus

.data           0x1fff80c8       0xb0 load address 0x000035c0
                0x1fff80c8                __cy_region_start_data = .
 *(.jcr)
 .jcr           0x1fff80c8        0x0 d:/psoc creator/4.2/psoc creator/import/gnu/arm/5.4.1/bin/../lib/gcc/arm-none-eabi/5.4.1/armv7-m/crtbegin.o
 .jcr           0x1fff80c8        0x4 d:/psoc creator/4.2/psoc creator/import/gnu/arm/5.4.1/bin/../lib/gcc/arm-none-eabi/5.4.1/armv7-m/crtend.o
 *(.got.plt)
 *(.got)
 *(.shdata)
 *(.data .data.* .gnu.linkonce.d.*)
 .data          0x1fff80cc        0x3 .\CortexM3\ARM_GCC_541\Debug\main.o
                0x1fff80cc                stopbyte1
                0x1fff80cd                stopbyte2
                0x1fff80ce                multitasking
 *fill*         0x1fff80cf        0x1 
 .data          0x1fff80d0        0x4 .\CortexM3\ARM_GCC_541\Debug\Cm3Start.o
 .data.impure_data
                0x1fff80d4       0x60 d:/psoc creator/4.2/psoc creator/import/gnu/arm/5.4.1/bin/../lib/gcc/arm-none-eabi/5.4.1/../../../../arm-none-eabi/lib/armv7-m\libg_nano.a(lib_a-impure.o)
 .data._impure_ptr
                0x1fff8134        0x4 d:/psoc creator/4.2/psoc creator/import/gnu/arm/5.4.1/bin/../lib/gcc/arm-none-eabi/5.4.1/../../../../arm-none-eabi/lib/armv7-m\libg_nano.a(lib_a-impure.o)
                0x1fff8134                _impure_ptr
 .data.__ctype_ptr__
                0x1fff8138        0x4 d:/psoc creator/4.2/psoc creator/import/gnu/arm/5.4.1/bin/../lib/gcc/arm-none-eabi/5.4.1/../../../../arm-none-eabi/lib/armv7-m\libg_nano.a(lib_a-ctype_.o)
                0x1fff8138                __ctype_ptr__
 .data.lconv    0x1fff813c       0x38 d:/psoc creator/4.2/psoc creator/import/gnu/arm/5.4.1/bin/../lib/gcc/arm-none-eabi/5.4.1/../../../../arm-none-eabi/lib/armv7-m\libg_nano.a(lib_a-locale.o)
                0x1fff8178                . = ALIGN (0x8)
 *fill*         0x1fff8174        0x4 
 *(.ram)
                0x1fff8178                _edata = .

.igot.plt       0x1fff8178        0x0 load address 0x00003670
 .igot.plt      0x1fff8178        0x0 d:/psoc creator/4.2/psoc creator/import/gnu/arm/5.4.1/bin/../lib/gcc/arm-none-eabi/5.4.1/armv7-m/crtbegin.o

.bss            0x1fff8178       0x98 load address 0x00003670
                0x1fff8178                PROVIDE (__bss_start__, .)
 *(.shbss)
 *(.bss .bss.* .gnu.linkonce.b.*)
 .bss           0x1fff8178       0x1c d:/psoc creator/4.2/psoc creator/import/gnu/arm/5.4.1/bin/../lib/gcc/arm-none-eabi/5.4.1/armv7-m/crtbegin.o
 .bss           0x1fff8194       0x3c .\CortexM3\ARM_GCC_541\Debug\main.o
                0x1fff8194                target1
                0x1fff8196                target2
                0x1fff8198                cnt1
                0x1fff819c                error1
                0x1fff81a0                integral1
                0x1fff81a4                last_error1
                0x1fff81a8                derivative1
                0x1fff81ac                duty_cycle1
                0x1fff81b0                cnt2
                0x1fff81b4                error2
                0x1fff81b8                integral2
                0x1fff81bc                last_error2
                0x1fff81c0                derivative2
                0x1fff81c4                duty_cycle2
                0x1fff81c8                transmit
                0x1fff81cc                transmit2
 .bss           0x1fff81d0        0x1 .\CortexM3\ARM_GCC_541\Debug\Timertesting.a(PWM_1.o)
                0x1fff81d0                PWM_1_initVar
 .bss           0x1fff81d1        0x1 .\CortexM3\ARM_GCC_541\Debug\Timertesting.a(QuadDec_1.o)
                0x1fff81d1                QuadDec_1_initVar
 .bss           0x1fff81d2        0x1 .\CortexM3\ARM_GCC_541\Debug\Timertesting.a(QuadDec_1_Cnt16.o)
                0x1fff81d2                QuadDec_1_Cnt16_initVar
 .bss           0x1fff81d3        0x1 .\CortexM3\ARM_GCC_541\Debug\Timertesting.a(QuadDec_2.o)
                0x1fff81d3                QuadDec_2_initVar
 .bss           0x1fff81d4        0x1 .\CortexM3\ARM_GCC_541\Debug\Timertesting.a(PWM_2.o)
                0x1fff81d4                PWM_2_initVar
 .bss           0x1fff81d5        0x1 .\CortexM3\ARM_GCC_541\Debug\Timertesting.a(QuadDec_2_Cnt16.o)
                0x1fff81d5                QuadDec_2_Cnt16_initVar
 .bss           0x1fff81d6        0x2 .\CortexM3\ARM_GCC_541\Debug\Timertesting.a(UART.o)
                0x1fff81d6                UART_initVar
 .bss           0x1fff81d8        0x1 .\CortexM3\ARM_GCC_541\Debug\Timertesting.a(Timer.o)
                0x1fff81d8                Timer_initVar
 *fill*         0x1fff81d9        0x3 
 .bss.__malloc_sbrk_start
                0x1fff81dc        0x4 d:/psoc creator/4.2/psoc creator/import/gnu/arm/5.4.1/bin/../lib/gcc/arm-none-eabi/5.4.1/../../../../arm-none-eabi/lib/armv7-m\libg_nano.a(lib_a-nano-mallocr.o)
                0x1fff81dc                __malloc_sbrk_start
 .bss.__malloc_free_list
                0x1fff81e0        0x4 d:/psoc creator/4.2/psoc creator/import/gnu/arm/5.4.1/bin/../lib/gcc/arm-none-eabi/5.4.1/../../../../arm-none-eabi/lib/armv7-m\libg_nano.a(lib_a-nano-mallocr.o)
                0x1fff81e0                __malloc_free_list
 *(COMMON)
 COMMON         0x1fff81e4       0x28 .\CortexM3\ARM_GCC_541\Debug\main.o
                0x1fff81e4                new_get
                0x1fff81e8                transmitbuffer1
                0x1fff81ec                new_target
                0x1fff81fc                concatination
                0x1fff8200                transmitbuffer2
                0x1fff8204                counts
 COMMON         0x1fff820c        0x4 d:/psoc creator/4.2/psoc creator/import/gnu/arm/5.4.1/bin/../lib/gcc/arm-none-eabi/5.4.1/../../../../arm-none-eabi/lib/armv7-m\libg_nano.a(lib_a-reent.o)
                0x1fff820c                errno
                0x1fff8210                . = ALIGN (0x8)
 *(.ram.b)
                0x1fff8210                _end = .
                0x1fff8210                __end = .
                0x1fff8210                PROVIDE (end, .)
                0x1fff8210                PROVIDE (__bss_end__, .)
                0x000035c0                __cy_region_init_ram = LOADADDR (.data)
                0x000000b0                __cy_region_init_size_ram = (_edata - ADDR (.data))
                0x00000098                __cy_region_zero_size_ram = (_end - _edata)

.heap           0x1fff8210      0x200 load address 0x00003670
                0x1fff8210                . = _end
                0x1fff8410                . = (. + 0x200)
 *fill*         0x1fff8210      0x200 
                0x1fff8410                __cy_heap_limit = .

.stack          0x20007800      0x800
                0x20007800                __cy_stack_limit = .
                0x20008000                . = (. + 0x800)
 *fill*         0x20007800      0x800 
                0x00000001                ASSERT ((__cy_stack_limit >= __cy_heap_limit), region RAM overflowed with stack)
                0x00000000                cy_checksum_exclude_size = (CY_APPL_LOADABLE == 0x1)?SIZEOF (.cy_checksum_exclude):0x0
                0x00000001                ASSERT ((cy_checksum_exclude_size <= CY_CHECKSUM_EXCLUDE_SIZE), CY_BOOT: Section .cy_checksum_exclude size exceedes specified limit.)

.cyloadermeta
 *(.cyloadermeta)

.cyloadablemeta
 *(.cyloadablemeta)

.cyconfigecc    0x80000000      0xdc4
 *(.cyconfigecc)
 .cyconfigecc   0x80000000      0xdc4 .\CortexM3\ARM_GCC_541\Debug\cymetadata.o
                0x80000000                cy_meta_configecc

.cycustnvl      0x90000000        0x4
 *(.cycustnvl)
 .cycustnvl     0x90000000        0x4 .\CortexM3\ARM_GCC_541\Debug\cymetadata.o
                0x90000000                cy_meta_custnvl

.cywolatch      0x90100000        0x4
 *(.cywolatch)
 .cywolatch     0x90100000        0x4 .\CortexM3\ARM_GCC_541\Debug\cymetadata.o
                0x90100000                cy_meta_wonvl

.cyeeprom       0x90200000        0x0
 *(.cyeeprom)
                0x00000001                ASSERT ((. <= ((0x90200000 + ee_offset) + ee_size)), .cyeeprom data will not fit in EEPROM)

.cyflashprotect
                0x90400000      0x100
 *(.cyflashprotect)
 .cyflashprotect
                0x90400000      0x100 .\CortexM3\ARM_GCC_541\Debug\cymetadata.o
                0x90400000                cy_meta_flashprotect

.cymeta         0x90500000        0xc
 *(.cymeta)
 .cymeta        0x90500000        0xc .\CortexM3\ARM_GCC_541\Debug\cymetadata.o
                0x90500000                cy_metadata

.rel.dyn        0x00003670        0x0 load address 0x9050000c
 .rel.iplt      0x00003670        0x0 d:/psoc creator/4.2/psoc creator/import/gnu/arm/5.4.1/bin/../lib/gcc/arm-none-eabi/5.4.1/armv7-m/crtbegin.o

.stab
 *(.stab)

.stabstr
 *(.stabstr)

.debug
 *(.debug)

.line
 *(.line)

.debug_srcinfo
 *(.debug_srcinfo)

.debug_sfnames
 *(.debug_sfnames)

.debug_aranges  0x00000000      0xc58
 *(.debug_aranges)
 .debug_aranges
                0x00000000       0x50 .\CortexM3\ARM_GCC_541\Debug\main.o
 .debug_aranges
                0x00000050       0x58 .\CortexM3\ARM_GCC_541\Debug\cyfitter_cfg.o
 .debug_aranges
                0x000000a8       0x18 .\CortexM3\ARM_GCC_541\Debug\cymetadata.o
 .debug_aranges
                0x000000c0       0x48 .\CortexM3\ARM_GCC_541\Debug\Cm3Start.o
 .debug_aranges
                0x00000108       0x80 .\CortexM3\ARM_GCC_541\Debug\Timertesting.a(isr_1.o)
 .debug_aranges
                0x00000188      0x2a0 .\CortexM3\ARM_GCC_541\Debug\Timertesting.a(CyLib.o)
 .debug_aranges
                0x00000428       0x98 .\CortexM3\ARM_GCC_541\Debug\Timertesting.a(cyPm.o)
 .debug_aranges
                0x000004c0       0x38 .\CortexM3\ARM_GCC_541\Debug\Timertesting.a(Direction_1_1.o)
 .debug_aranges
                0x000004f8       0x38 .\CortexM3\ARM_GCC_541\Debug\Timertesting.a(Direction_1_2.o)
 .debug_aranges
                0x00000530       0x98 .\CortexM3\ARM_GCC_541\Debug\Timertesting.a(PWM_1.o)
 .debug_aranges
                0x000005c8       0x60 .\CortexM3\ARM_GCC_541\Debug\Timertesting.a(QuadDec_1.o)
 .debug_aranges
                0x00000628       0x98 .\CortexM3\ARM_GCC_541\Debug\Timertesting.a(QuadDec_1_Cnt16.o)
 .debug_aranges
                0x000006c0       0x60 .\CortexM3\ARM_GCC_541\Debug\Timertesting.a(QuadDec_2.o)
 .debug_aranges
                0x00000720       0x98 .\CortexM3\ARM_GCC_541\Debug\Timertesting.a(PWM_2.o)
 .debug_aranges
                0x000007b8       0x98 .\CortexM3\ARM_GCC_541\Debug\Timertesting.a(QuadDec_2_Cnt16.o)
 .debug_aranges
                0x00000850       0xf0 .\CortexM3\ARM_GCC_541\Debug\Timertesting.a(UART.o)
 .debug_aranges
                0x00000940       0x38 .\CortexM3\ARM_GCC_541\Debug\Timertesting.a(Direction_2_1.o)
 .debug_aranges
                0x00000978       0x38 .\CortexM3\ARM_GCC_541\Debug\Timertesting.a(Direction_2_2.o)
 .debug_aranges
                0x000009b0       0x70 .\CortexM3\ARM_GCC_541\Debug\Timertesting.a(UART_IntClock.o)
 .debug_aranges
                0x00000a20       0x80 .\CortexM3\ARM_GCC_541\Debug\Timertesting.a(isr_motor.o)
 .debug_aranges
                0x00000aa0       0x90 .\CortexM3\ARM_GCC_541\Debug\Timertesting.a(Timer.o)
 .debug_aranges
                0x00000b30       0x20 .\CortexM3\ARM_GCC_541\Debug\Timertesting.a(CyBootAsmGnu.o)
 .debug_aranges
                0x00000b50       0x88 .\CortexM3\ARM_GCC_541\Debug\Timertesting.a(CyFlash.o)
 .debug_aranges
                0x00000bd8       0x80 .\CortexM3\ARM_GCC_541\Debug\Timertesting.a(CySpc.o)

.debug_pubnames
 *(.debug_pubnames)

.debug_info     0x00000000     0x64b1
 *(.debug_info .gnu.linkonce.wi.*)
 .debug_info    0x00000000      0x79a .\CortexM3\ARM_GCC_541\Debug\main.o
 .debug_info    0x0000079a      0x5de .\CortexM3\ARM_GCC_541\Debug\cyfitter_cfg.o
 .debug_info    0x00000d78      0x139 .\CortexM3\ARM_GCC_541\Debug\cymetadata.o
 .debug_info    0x00000eb1      0x3bb .\CortexM3\ARM_GCC_541\Debug\Cm3Start.o
 .debug_info    0x0000126c      0x2d2 .\CortexM3\ARM_GCC_541\Debug\Timertesting.a(isr_1.o)
 .debug_info    0x0000153e     0x1374 .\CortexM3\ARM_GCC_541\Debug\Timertesting.a(CyLib.o)
 .debug_info    0x000028b2      0xa2a .\CortexM3\ARM_GCC_541\Debug\Timertesting.a(cyPm.o)
 .debug_info    0x000032dc      0x11f .\CortexM3\ARM_GCC_541\Debug\Timertesting.a(Direction_1_1.o)
 .debug_info    0x000033fb      0x11f .\CortexM3\ARM_GCC_541\Debug\Timertesting.a(Direction_1_2.o)
 .debug_info    0x0000351a      0x350 .\CortexM3\ARM_GCC_541\Debug\Timertesting.a(PWM_1.o)
 .debug_info    0x0000386a      0x2d4 .\CortexM3\ARM_GCC_541\Debug\Timertesting.a(QuadDec_1.o)
 .debug_info    0x00003b3e      0x348 .\CortexM3\ARM_GCC_541\Debug\Timertesting.a(QuadDec_1_Cnt16.o)
 .debug_info    0x00003e86      0x2d4 .\CortexM3\ARM_GCC_541\Debug\Timertesting.a(QuadDec_2.o)
 .debug_info    0x0000415a      0x350 .\CortexM3\ARM_GCC_541\Debug\Timertesting.a(PWM_2.o)
 .debug_info    0x000044aa      0x348 .\CortexM3\ARM_GCC_541\Debug\Timertesting.a(QuadDec_2_Cnt16.o)
 .debug_info    0x000047f2      0x60c .\CortexM3\ARM_GCC_541\Debug\Timertesting.a(UART.o)
 .debug_info    0x00004dfe      0x11f .\CortexM3\ARM_GCC_541\Debug\Timertesting.a(Direction_2_1.o)
 .debug_info    0x00004f1d      0x11f .\CortexM3\ARM_GCC_541\Debug\Timertesting.a(Direction_2_2.o)
 .debug_info    0x0000503c      0x283 .\CortexM3\ARM_GCC_541\Debug\Timertesting.a(UART_IntClock.o)
 .debug_info    0x000052bf      0x2d2 .\CortexM3\ARM_GCC_541\Debug\Timertesting.a(isr_motor.o)
 .debug_info    0x00005591      0x2f0 .\CortexM3\ARM_GCC_541\Debug\Timertesting.a(Timer.o)
 .debug_info    0x00005881       0x93 .\CortexM3\ARM_GCC_541\Debug\Timertesting.a(CyBootAsmGnu.o)
 .debug_info    0x00005914      0x64d .\CortexM3\ARM_GCC_541\Debug\Timertesting.a(CyFlash.o)
 .debug_info    0x00005f61      0x550 .\CortexM3\ARM_GCC_541\Debug\Timertesting.a(CySpc.o)

.debug_abbrev   0x00000000     0x1d62
 *(.debug_abbrev)
 .debug_abbrev  0x00000000      0x173 .\CortexM3\ARM_GCC_541\Debug\main.o
 .debug_abbrev  0x00000173      0x20d .\CortexM3\ARM_GCC_541\Debug\cyfitter_cfg.o
 .debug_abbrev  0x00000380       0x77 .\CortexM3\ARM_GCC_541\Debug\cymetadata.o
 .debug_abbrev  0x000003f7      0x1e8 .\CortexM3\ARM_GCC_541\Debug\Cm3Start.o
 .debug_abbrev  0x000005df      0x173 .\CortexM3\ARM_GCC_541\Debug\Timertesting.a(isr_1.o)
 .debug_abbrev  0x00000752      0x254 .\CortexM3\ARM_GCC_541\Debug\Timertesting.a(CyLib.o)
 .debug_abbrev  0x000009a6      0x1ab .\CortexM3\ARM_GCC_541\Debug\Timertesting.a(cyPm.o)
 .debug_abbrev  0x00000b51       0x90 .\CortexM3\ARM_GCC_541\Debug\Timertesting.a(Direction_1_1.o)
 .debug_abbrev  0x00000be1       0x90 .\CortexM3\ARM_GCC_541\Debug\Timertesting.a(Direction_1_2.o)
 .debug_abbrev  0x00000c71      0x133 .\CortexM3\ARM_GCC_541\Debug\Timertesting.a(PWM_1.o)
 .debug_abbrev  0x00000da4      0x151 .\CortexM3\ARM_GCC_541\Debug\Timertesting.a(QuadDec_1.o)
 .debug_abbrev  0x00000ef5      0x117 .\CortexM3\ARM_GCC_541\Debug\Timertesting.a(QuadDec_1_Cnt16.o)
 .debug_abbrev  0x0000100c      0x151 .\CortexM3\ARM_GCC_541\Debug\Timertesting.a(QuadDec_2.o)
 .debug_abbrev  0x0000115d      0x133 .\CortexM3\ARM_GCC_541\Debug\Timertesting.a(PWM_2.o)
 .debug_abbrev  0x00001290      0x117 .\CortexM3\ARM_GCC_541\Debug\Timertesting.a(QuadDec_2_Cnt16.o)
 .debug_abbrev  0x000013a7      0x175 .\CortexM3\ARM_GCC_541\Debug\Timertesting.a(UART.o)
 .debug_abbrev  0x0000151c       0x90 .\CortexM3\ARM_GCC_541\Debug\Timertesting.a(Direction_2_1.o)
 .debug_abbrev  0x000015ac       0x90 .\CortexM3\ARM_GCC_541\Debug\Timertesting.a(Direction_2_2.o)
 .debug_abbrev  0x0000163c      0x139 .\CortexM3\ARM_GCC_541\Debug\Timertesting.a(UART_IntClock.o)
 .debug_abbrev  0x00001775      0x173 .\CortexM3\ARM_GCC_541\Debug\Timertesting.a(isr_motor.o)
 .debug_abbrev  0x000018e8      0x12b .\CortexM3\ARM_GCC_541\Debug\Timertesting.a(Timer.o)
 .debug_abbrev  0x00001a13       0x14 .\CortexM3\ARM_GCC_541\Debug\Timertesting.a(CyBootAsmGnu.o)
 .debug_abbrev  0x00001a27      0x1a7 .\CortexM3\ARM_GCC_541\Debug\Timertesting.a(CyFlash.o)
 .debug_abbrev  0x00001bce      0x194 .\CortexM3\ARM_GCC_541\Debug\Timertesting.a(CySpc.o)

.debug_line     0x00000000     0x2b3a
 *(.debug_line)
 .debug_line    0x00000000      0x31c .\CortexM3\ARM_GCC_541\Debug\main.o
 .debug_line    0x0000031c      0x1da .\CortexM3\ARM_GCC_541\Debug\cyfitter_cfg.o
 .debug_line    0x000004f6      0x109 .\CortexM3\ARM_GCC_541\Debug\cymetadata.o
 .debug_line    0x000005ff      0x1fc .\CortexM3\ARM_GCC_541\Debug\Cm3Start.o
 .debug_line    0x000007fb      0x132 .\CortexM3\ARM_GCC_541\Debug\Timertesting.a(isr_1.o)
 .debug_line    0x0000092d      0x816 .\CortexM3\ARM_GCC_541\Debug\Timertesting.a(CyLib.o)
 .debug_line    0x00001143      0x367 .\CortexM3\ARM_GCC_541\Debug\Timertesting.a(cyPm.o)
 .debug_line    0x000014aa       0x9a .\CortexM3\ARM_GCC_541\Debug\Timertesting.a(Direction_1_1.o)
 .debug_line    0x00001544       0x9a .\CortexM3\ARM_GCC_541\Debug\Timertesting.a(Direction_1_2.o)
 .debug_line    0x000015de      0x188 .\CortexM3\ARM_GCC_541\Debug\Timertesting.a(PWM_1.o)
 .debug_line    0x00001766      0x11e .\CortexM3\ARM_GCC_541\Debug\Timertesting.a(QuadDec_1.o)
 .debug_line    0x00001884      0x18f .\CortexM3\ARM_GCC_541\Debug\Timertesting.a(QuadDec_1_Cnt16.o)
 .debug_line    0x00001a13      0x11e .\CortexM3\ARM_GCC_541\Debug\Timertesting.a(QuadDec_2.o)
 .debug_line    0x00001b31      0x188 .\CortexM3\ARM_GCC_541\Debug\Timertesting.a(PWM_2.o)
 .debug_line    0x00001cb9      0x18f .\CortexM3\ARM_GCC_541\Debug\Timertesting.a(QuadDec_2_Cnt16.o)
 .debug_line    0x00001e48      0x2bc .\CortexM3\ARM_GCC_541\Debug\Timertesting.a(UART.o)
 .debug_line    0x00002104       0x9a .\CortexM3\ARM_GCC_541\Debug\Timertesting.a(Direction_2_1.o)
 .debug_line    0x0000219e       0x9a .\CortexM3\ARM_GCC_541\Debug\Timertesting.a(Direction_2_2.o)
 .debug_line    0x00002238      0x17c .\CortexM3\ARM_GCC_541\Debug\Timertesting.a(UART_IntClock.o)
 .debug_line    0x000023b4      0x136 .\CortexM3\ARM_GCC_541\Debug\Timertesting.a(isr_motor.o)
 .debug_line    0x000024ea      0x170 .\CortexM3\ARM_GCC_541\Debug\Timertesting.a(Timer.o)
 .debug_line    0x0000265a       0x66 .\CortexM3\ARM_GCC_541\Debug\Timertesting.a(CyBootAsmGnu.o)
 .debug_line    0x000026c0      0x21a .\CortexM3\ARM_GCC_541\Debug\Timertesting.a(CyFlash.o)
 .debug_line    0x000028da      0x260 .\CortexM3\ARM_GCC_541\Debug\Timertesting.a(CySpc.o)

.debug_frame    0x00000000     0x23f0
 *(.debug_frame)
 .debug_frame   0x00000000       0xb0 .\CortexM3\ARM_GCC_541\Debug\main.o
 .debug_frame   0x000000b0       0xe4 .\CortexM3\ARM_GCC_541\Debug\cyfitter_cfg.o
 .debug_frame   0x00000194       0xb8 .\CortexM3\ARM_GCC_541\Debug\Cm3Start.o
 .debug_frame   0x0000024c      0x104 .\CortexM3\ARM_GCC_541\Debug\Timertesting.a(isr_1.o)
 .debug_frame   0x00000350      0x738 .\CortexM3\ARM_GCC_541\Debug\Timertesting.a(CyLib.o)
 .debug_frame   0x00000a88      0x1f8 .\CortexM3\ARM_GCC_541\Debug\Timertesting.a(cyPm.o)
 .debug_frame   0x00000c80       0x50 .\CortexM3\ARM_GCC_541\Debug\Timertesting.a(Direction_1_1.o)
 .debug_frame   0x00000cd0       0x50 .\CortexM3\ARM_GCC_541\Debug\Timertesting.a(Direction_1_2.o)
 .debug_frame   0x00000d20      0x134 .\CortexM3\ARM_GCC_541\Debug\Timertesting.a(PWM_1.o)
 .debug_frame   0x00000e54       0xdc .\CortexM3\ARM_GCC_541\Debug\Timertesting.a(QuadDec_1.o)
 .debug_frame   0x00000f30      0x134 .\CortexM3\ARM_GCC_541\Debug\Timertesting.a(QuadDec_1_Cnt16.o)
 .debug_frame   0x00001064       0xdc .\CortexM3\ARM_GCC_541\Debug\Timertesting.a(QuadDec_2.o)
 .debug_frame   0x00001140      0x134 .\CortexM3\ARM_GCC_541\Debug\Timertesting.a(PWM_2.o)
 .debug_frame   0x00001274      0x134 .\CortexM3\ARM_GCC_541\Debug\Timertesting.a(QuadDec_2_Cnt16.o)
 .debug_frame   0x000013a8      0x250 .\CortexM3\ARM_GCC_541\Debug\Timertesting.a(UART.o)
 .debug_frame   0x000015f8       0x50 .\CortexM3\ARM_GCC_541\Debug\Timertesting.a(Direction_2_1.o)
 .debug_frame   0x00001648       0x50 .\CortexM3\ARM_GCC_541\Debug\Timertesting.a(Direction_2_2.o)
 .debug_frame   0x00001698       0xe0 .\CortexM3\ARM_GCC_541\Debug\Timertesting.a(UART_IntClock.o)
 .debug_frame   0x00001778      0x104 .\CortexM3\ARM_GCC_541\Debug\Timertesting.a(isr_motor.o)
 .debug_frame   0x0000187c      0x124 .\CortexM3\ARM_GCC_541\Debug\Timertesting.a(Timer.o)
 .debug_frame   0x000019a0      0x194 .\CortexM3\ARM_GCC_541\Debug\Timertesting.a(CyFlash.o)
 .debug_frame   0x00001b34      0x180 .\CortexM3\ARM_GCC_541\Debug\Timertesting.a(CySpc.o)
 .debug_frame   0x00001cb4       0x30 d:/psoc creator/4.2/psoc creator/import/gnu/arm/5.4.1/bin/../lib/gcc/arm-none-eabi/5.4.1/../../../../arm-none-eabi/lib/armv7-m\libg_nano.a(lib_a-atoi.o)
 .debug_frame   0x00001ce4       0x20 d:/psoc creator/4.2/psoc creator/import/gnu/arm/5.4.1/bin/../lib/gcc/arm-none-eabi/5.4.1/../../../../arm-none-eabi/lib/armv7-m\libg_nano.a(lib_a-errno.o)
 .debug_frame   0x00001d04       0x28 d:/psoc creator/4.2/psoc creator/import/gnu/arm/5.4.1/bin/../lib/gcc/arm-none-eabi/5.4.1/../../../../arm-none-eabi/lib/armv7-m\libg_nano.a(lib_a-exit.o)
 .debug_frame   0x00001d2c       0x2c d:/psoc creator/4.2/psoc creator/import/gnu/arm/5.4.1/bin/../lib/gcc/arm-none-eabi/5.4.1/../../../../arm-none-eabi/lib/armv7-m\libg_nano.a(lib_a-init.o)
 .debug_frame   0x00001d58       0x28 d:/psoc creator/4.2/psoc creator/import/gnu/arm/5.4.1/bin/../lib/gcc/arm-none-eabi/5.4.1/../../../../arm-none-eabi/lib/armv7-m\libg_nano.a(lib_a-memcpy-stub.o)
 .debug_frame   0x00001d80       0x20 d:/psoc creator/4.2/psoc creator/import/gnu/arm/5.4.1/bin/../lib/gcc/arm-none-eabi/5.4.1/../../../../arm-none-eabi/lib/armv7-m\libg_nano.a(lib_a-memset.o)
 .debug_frame   0x00001da0       0x8c d:/psoc creator/4.2/psoc creator/import/gnu/arm/5.4.1/bin/../lib/gcc/arm-none-eabi/5.4.1/../../../../arm-none-eabi/lib/armv7-m\libg_nano.a(lib_a-nano-vfprintf_float.o)
 .debug_frame   0x00001e2c       0x60 d:/psoc creator/4.2/psoc creator/import/gnu/arm/5.4.1/bin/../lib/gcc/arm-none-eabi/5.4.1/../../../../arm-none-eabi/lib/armv7-m\libg_nano.a(lib_a-nano-vfprintf_i.o)
 .debug_frame   0x00001e8c       0x28 d:/psoc creator/4.2/psoc creator/import/gnu/arm/5.4.1/bin/../lib/gcc/arm-none-eabi/5.4.1/../../../../arm-none-eabi/lib/armv7-m\libg_nano.a(lib_a-strcat.o)
 .debug_frame   0x00001eb4       0x44 d:/psoc creator/4.2/psoc creator/import/gnu/arm/5.4.1/bin/../lib/gcc/arm-none-eabi/5.4.1/../../../../arm-none-eabi/lib/armv7-m\libg_nano.a(lib_a-strtol.o)
 .debug_frame   0x00001ef8       0x6c d:/psoc creator/4.2/psoc creator/import/gnu/arm/5.4.1/bin/../lib/gcc/arm-none-eabi/5.4.1/../../../../arm-none-eabi/lib/armv7-m\libg_nano.a(lib_a-dtoa.o)
 .debug_frame   0x00001f64       0x98 d:/psoc creator/4.2/psoc creator/import/gnu/arm/5.4.1/bin/../lib/gcc/arm-none-eabi/5.4.1/../../../../arm-none-eabi/lib/armv7-m\libg_nano.a(lib_a-locale.o)
 .debug_frame   0x00001ffc       0x30 d:/psoc creator/4.2/psoc creator/import/gnu/arm/5.4.1/bin/../lib/gcc/arm-none-eabi/5.4.1/../../../../arm-none-eabi/lib/armv7-m\libg_nano.a(lib_a-malloc.o)
 .debug_frame   0x0000202c       0x28 d:/psoc creator/4.2/psoc creator/import/gnu/arm/5.4.1/bin/../lib/gcc/arm-none-eabi/5.4.1/../../../../arm-none-eabi/lib/armv7-m\libg_nano.a(lib_a-memchr-stub.o)
 .debug_frame   0x00002054      0x234 d:/psoc creator/4.2/psoc creator/import/gnu/arm/5.4.1/bin/../lib/gcc/arm-none-eabi/5.4.1/../../../../arm-none-eabi/lib/armv7-m\libg_nano.a(lib_a-mprec.o)
 .debug_frame   0x00002288       0x2c d:/psoc creator/4.2/psoc creator/import/gnu/arm/5.4.1/bin/../lib/gcc/arm-none-eabi/5.4.1/../../../../arm-none-eabi/lib/armv7-m\libg_nano.a(lib_a-nano-callocr.o)
 .debug_frame   0x000022b4       0x38 d:/psoc creator/4.2/psoc creator/import/gnu/arm/5.4.1/bin/../lib/gcc/arm-none-eabi/5.4.1/../../../../arm-none-eabi/lib/armv7-m\libg_nano.a(lib_a-nano-freer.o)
 .debug_frame   0x000022ec       0x2c d:/psoc creator/4.2/psoc creator/import/gnu/arm/5.4.1/bin/../lib/gcc/arm-none-eabi/5.4.1/../../../../arm-none-eabi/lib/armv7-m\libg_nano.a(lib_a-nano-mallocr.o)
 .debug_frame   0x00002318       0x2c d:/psoc creator/4.2/psoc creator/import/gnu/arm/5.4.1/bin/../lib/gcc/arm-none-eabi/5.4.1/../../../../arm-none-eabi/lib/armv7-m\libg_nano.a(lib_a-sbrkr.o)
 .debug_frame   0x00002344       0x20 d:/psoc creator/4.2/psoc creator/import/gnu/arm/5.4.1/bin/../lib/gcc/arm-none-eabi/5.4.1/../../../../arm-none-eabi/lib/armv7-m\libg_nano.a(lib_a-strcmp.o)
 .debug_frame   0x00002364       0x30 d:/psoc creator/4.2/psoc creator/import/gnu/arm/5.4.1/bin/../lib/gcc/arm-none-eabi/5.4.1/../../../../arm-none-eabi/lib/armv7-m\libg_nano.a(lib_a-mlock.o)
 .debug_frame   0x00002394       0x5c d:/psoc creator/4.2/psoc creator/import/gnu/arm/5.4.1/bin/../lib/gcc/arm-none-eabi/5.4.1/../../../../arm-none-eabi/lib/armv7-m\libg_nano.a(lib_a-reent.o)

.debug_str      0x00000000     0x2726
 *(.debug_str)
 .debug_str     0x00000000      0x464 .\CortexM3\ARM_GCC_541\Debug\main.o
                                0x4ba (size before relaxing)
 .debug_str     0x00000464      0x1bc .\CortexM3\ARM_GCC_541\Debug\cyfitter_cfg.o
                                0x34d (size before relaxing)
 .debug_str     0x00000620       0x7f .\CortexM3\ARM_GCC_541\Debug\cymetadata.o
                                0x1e7 (size before relaxing)
 .debug_str     0x0000069f      0x13e .\CortexM3\ARM_GCC_541\Debug\Cm3Start.o
                                0x30d (size before relaxing)
 .debug_str     0x000007dd       0xe4 .\CortexM3\ARM_GCC_541\Debug\Timertesting.a(isr_1.o)
                                0x2a9 (size before relaxing)
 .debug_str     0x000008c1      0x826 .\CortexM3\ARM_GCC_541\Debug\Timertesting.a(CyLib.o)
                                0xa4a (size before relaxing)
 .debug_str     0x000010e7      0x365 .\CortexM3\ARM_GCC_541\Debug\Timertesting.a(cyPm.o)
                                0x736 (size before relaxing)
 .debug_str     0x0000144c       0x7a .\CortexM3\ARM_GCC_541\Debug\Timertesting.a(Direction_1_1.o)
                                0x20d (size before relaxing)
 .debug_str     0x000014c6       0x6f .\CortexM3\ARM_GCC_541\Debug\Timertesting.a(Direction_1_2.o)
                                0x20d (size before relaxing)
 .debug_str     0x00001535      0x17f .\CortexM3\ARM_GCC_541\Debug\Timertesting.a(PWM_1.o)
                                0x361 (size before relaxing)
 .debug_str     0x000016b4      0x12a .\CortexM3\ARM_GCC_541\Debug\Timertesting.a(QuadDec_1.o)
                                0x33e (size before relaxing)
 .debug_str     0x000017de      0x1ce .\CortexM3\ARM_GCC_541\Debug\Timertesting.a(QuadDec_1_Cnt16.o)
                                0x419 (size before relaxing)
 .debug_str     0x000019ac      0x112 .\CortexM3\ARM_GCC_541\Debug\Timertesting.a(QuadDec_2.o)
                                0x33e (size before relaxing)
 .debug_str     0x00001abe      0x146 .\CortexM3\ARM_GCC_541\Debug\Timertesting.a(PWM_2.o)
                                0x361 (size before relaxing)
 .debug_str     0x00001c04      0x1bf .\CortexM3\ARM_GCC_541\Debug\Timertesting.a(QuadDec_2_Cnt16.o)
                                0x419 (size before relaxing)
 .debug_str     0x00001dc3      0x255 .\CortexM3\ARM_GCC_541\Debug\Timertesting.a(UART.o)
                                0x478 (size before relaxing)
 .debug_str     0x00002018       0x6f .\CortexM3\ARM_GCC_541\Debug\Timertesting.a(Direction_2_1.o)
                                0x20d (size before relaxing)
 .debug_str     0x00002087       0x6f .\CortexM3\ARM_GCC_541\Debug\Timertesting.a(Direction_2_2.o)
                                0x20d (size before relaxing)
 .debug_str     0x000020f6      0x183 .\CortexM3\ARM_GCC_541\Debug\Timertesting.a(UART_IntClock.o)
                                0x339 (size before relaxing)
 .debug_str     0x00002279       0xfc .\CortexM3\ARM_GCC_541\Debug\Timertesting.a(isr_motor.o)
                                0x2e1 (size before relaxing)
 .debug_str     0x00002375      0x14a .\CortexM3\ARM_GCC_541\Debug\Timertesting.a(Timer.o)
                                0x33e (size before relaxing)
 .debug_str     0x000024bf      0x1bb .\CortexM3\ARM_GCC_541\Debug\Timertesting.a(CyFlash.o)
                                0x3c3 (size before relaxing)
 .debug_str     0x0000267a       0xac .\CortexM3\ARM_GCC_541\Debug\Timertesting.a(CySpc.o)
                                0x33b (size before relaxing)

.debug_loc      0x00000000     0x221c
 *(.debug_loc)
 .debug_loc     0x00000000       0xa3 .\CortexM3\ARM_GCC_541\Debug\main.o
 .debug_loc     0x000000a3      0x288 .\CortexM3\ARM_GCC_541\Debug\cyfitter_cfg.o
 .debug_loc     0x0000032b      0x144 .\CortexM3\ARM_GCC_541\Debug\Cm3Start.o
 .debug_loc     0x0000046f       0x56 .\CortexM3\ARM_GCC_541\Debug\Timertesting.a(isr_1.o)
 .debug_loc     0x000004c5      0xa11 .\CortexM3\ARM_GCC_541\Debug\Timertesting.a(CyLib.o)
 .debug_loc     0x00000ed6      0x1e4 .\CortexM3\ARM_GCC_541\Debug\Timertesting.a(cyPm.o)
 .debug_loc     0x000010ba       0x42 .\CortexM3\ARM_GCC_541\Debug\Timertesting.a(Direction_1_1.o)
 .debug_loc     0x000010fc       0x42 .\CortexM3\ARM_GCC_541\Debug\Timertesting.a(Direction_1_2.o)
 .debug_loc     0x0000113e       0x26 .\CortexM3\ARM_GCC_541\Debug\Timertesting.a(PWM_1.o)
 .debug_loc     0x00001164       0x78 .\CortexM3\ARM_GCC_541\Debug\Timertesting.a(QuadDec_1.o)
 .debug_loc     0x000011dc       0x3d .\CortexM3\ARM_GCC_541\Debug\Timertesting.a(QuadDec_1_Cnt16.o)
 .debug_loc     0x00001219       0x78 .\CortexM3\ARM_GCC_541\Debug\Timertesting.a(QuadDec_2.o)
 .debug_loc     0x00001291       0x26 .\CortexM3\ARM_GCC_541\Debug\Timertesting.a(PWM_2.o)
 .debug_loc     0x000012b7       0x3d .\CortexM3\ARM_GCC_541\Debug\Timertesting.a(QuadDec_2_Cnt16.o)
 .debug_loc     0x000012f4      0x258 .\CortexM3\ARM_GCC_541\Debug\Timertesting.a(UART.o)
 .debug_loc     0x0000154c       0x42 .\CortexM3\ARM_GCC_541\Debug\Timertesting.a(Direction_2_1.o)
 .debug_loc     0x0000158e       0x42 .\CortexM3\ARM_GCC_541\Debug\Timertesting.a(Direction_2_2.o)
 .debug_loc     0x000015d0      0x12c .\CortexM3\ARM_GCC_541\Debug\Timertesting.a(UART_IntClock.o)
 .debug_loc     0x000016fc       0x56 .\CortexM3\ARM_GCC_541\Debug\Timertesting.a(isr_motor.o)
 .debug_loc     0x00001752       0x13 .\CortexM3\ARM_GCC_541\Debug\Timertesting.a(Timer.o)
 .debug_loc     0x00001765      0x3b2 .\CortexM3\ARM_GCC_541\Debug\Timertesting.a(CyFlash.o)
 .debug_loc     0x00001b17      0x705 .\CortexM3\ARM_GCC_541\Debug\Timertesting.a(CySpc.o)

.debug_macinfo
 *(.debug_macinfo)

.debug_ranges   0x00000000      0xac0
 *(.debug_ranges)
 .debug_ranges  0x00000000       0x40 .\CortexM3\ARM_GCC_541\Debug\main.o
 .debug_ranges  0x00000040       0x48 .\CortexM3\ARM_GCC_541\Debug\cyfitter_cfg.o
 .debug_ranges  0x00000088       0x38 .\CortexM3\ARM_GCC_541\Debug\Cm3Start.o
 .debug_ranges  0x000000c0       0x70 .\CortexM3\ARM_GCC_541\Debug\Timertesting.a(isr_1.o)
 .debug_ranges  0x00000130      0x290 .\CortexM3\ARM_GCC_541\Debug\Timertesting.a(CyLib.o)
 .debug_ranges  0x000003c0       0x88 .\CortexM3\ARM_GCC_541\Debug\Timertesting.a(cyPm.o)
 .debug_ranges  0x00000448       0x28 .\CortexM3\ARM_GCC_541\Debug\Timertesting.a(Direction_1_1.o)
 .debug_ranges  0x00000470       0x28 .\CortexM3\ARM_GCC_541\Debug\Timertesting.a(Direction_1_2.o)
 .debug_ranges  0x00000498       0x88 .\CortexM3\ARM_GCC_541\Debug\Timertesting.a(PWM_1.o)
 .debug_ranges  0x00000520       0x50 .\CortexM3\ARM_GCC_541\Debug\Timertesting.a(QuadDec_1.o)
 .debug_ranges  0x00000570       0x88 .\CortexM3\ARM_GCC_541\Debug\Timertesting.a(QuadDec_1_Cnt16.o)
 .debug_ranges  0x000005f8       0x50 .\CortexM3\ARM_GCC_541\Debug\Timertesting.a(QuadDec_2.o)
 .debug_ranges  0x00000648       0x88 .\CortexM3\ARM_GCC_541\Debug\Timertesting.a(PWM_2.o)
 .debug_ranges  0x000006d0       0x88 .\CortexM3\ARM_GCC_541\Debug\Timertesting.a(QuadDec_2_Cnt16.o)
 .debug_ranges  0x00000758       0xe0 .\CortexM3\ARM_GCC_541\Debug\Timertesting.a(UART.o)
 .debug_ranges  0x00000838       0x28 .\CortexM3\ARM_GCC_541\Debug\Timertesting.a(Direction_2_1.o)
 .debug_ranges  0x00000860       0x28 .\CortexM3\ARM_GCC_541\Debug\Timertesting.a(Direction_2_2.o)
 .debug_ranges  0x00000888       0x60 .\CortexM3\ARM_GCC_541\Debug\Timertesting.a(UART_IntClock.o)
 .debug_ranges  0x000008e8       0x70 .\CortexM3\ARM_GCC_541\Debug\Timertesting.a(isr_motor.o)
 .debug_ranges  0x00000958       0x80 .\CortexM3\ARM_GCC_541\Debug\Timertesting.a(Timer.o)
 .debug_ranges  0x000009d8       0x78 .\CortexM3\ARM_GCC_541\Debug\Timertesting.a(CyFlash.o)
 .debug_ranges  0x00000a50       0x70 .\CortexM3\ARM_GCC_541\Debug\Timertesting.a(CySpc.o)

.comment        0x00000000       0x6e
 .comment       0x00000000       0x6e .\CortexM3\ARM_GCC_541\Debug\main.o
                                 0x6f (size before relaxing)
 .comment       0x0000006e       0x6f .\CortexM3\ARM_GCC_541\Debug\cyfitter_cfg.o
 .comment       0x0000006e       0x6f .\CortexM3\ARM_GCC_541\Debug\cymetadata.o
 .comment       0x0000006e       0x6f .\CortexM3\ARM_GCC_541\Debug\Cm3Start.o
 .comment       0x0000006e       0x6f .\CortexM3\ARM_GCC_541\Debug\Timertesting.a(isr_1.o)
 .comment       0x0000006e       0x6f .\CortexM3\ARM_GCC_541\Debug\Timertesting.a(CyLib.o)
 .comment       0x0000006e       0x6f .\CortexM3\ARM_GCC_541\Debug\Timertesting.a(cyPm.o)
 .comment       0x0000006e       0x6f .\CortexM3\ARM_GCC_541\Debug\Timertesting.a(Direction_1_1.o)
 .comment       0x0000006e       0x6f .\CortexM3\ARM_GCC_541\Debug\Timertesting.a(Direction_1_2.o)
 .comment       0x0000006e       0x6f .\CortexM3\ARM_GCC_541\Debug\Timertesting.a(PWM_1.o)
 .comment       0x0000006e       0x6f .\CortexM3\ARM_GCC_541\Debug\Timertesting.a(QuadDec_1.o)
 .comment       0x0000006e       0x6f .\CortexM3\ARM_GCC_541\Debug\Timertesting.a(QuadDec_1_Cnt16.o)
 .comment       0x0000006e       0x6f .\CortexM3\ARM_GCC_541\Debug\Timertesting.a(QuadDec_2.o)
 .comment       0x0000006e       0x6f .\CortexM3\ARM_GCC_541\Debug\Timertesting.a(PWM_2.o)
 .comment       0x0000006e       0x6f .\CortexM3\ARM_GCC_541\Debug\Timertesting.a(QuadDec_2_Cnt16.o)
 .comment       0x0000006e       0x6f .\CortexM3\ARM_GCC_541\Debug\Timertesting.a(UART.o)
 .comment       0x0000006e       0x6f .\CortexM3\ARM_GCC_541\Debug\Timertesting.a(Direction_2_1.o)
 .comment       0x0000006e       0x6f .\CortexM3\ARM_GCC_541\Debug\Timertesting.a(Direction_2_2.o)
 .comment       0x0000006e       0x6f .\CortexM3\ARM_GCC_541\Debug\Timertesting.a(UART_IntClock.o)
 .comment       0x0000006e       0x6f .\CortexM3\ARM_GCC_541\Debug\Timertesting.a(isr_motor.o)
 .comment       0x0000006e       0x6f .\CortexM3\ARM_GCC_541\Debug\Timertesting.a(Timer.o)
 .comment       0x0000006e       0x6f .\CortexM3\ARM_GCC_541\Debug\Timertesting.a(CyFlash.o)
 .comment       0x0000006e       0x6f .\CortexM3\ARM_GCC_541\Debug\Timertesting.a(CySpc.o)

.debug_weaknames
 *(.debug_weaknames)

.debug_funcnames
 *(.debug_funcnames)

.debug_typenames
 *(.debug_typenames)

.debug_varnames
 *(.debug_varnames)

.note.gnu.arm.ident
 *(.note.gnu.arm.ident)

.ARM.attributes
                0x00000000       0x29
 *(.ARM.attributes)
 .ARM.attributes
                0x00000000       0x1d d:/psoc creator/4.2/psoc creator/import/gnu/arm/5.4.1/bin/../lib/gcc/arm-none-eabi/5.4.1/armv7-m/crti.o
 .ARM.attributes
                0x0000001d       0x2d d:/psoc creator/4.2/psoc creator/import/gnu/arm/5.4.1/bin/../lib/gcc/arm-none-eabi/5.4.1/armv7-m/crtbegin.o
 .ARM.attributes
                0x0000004a       0x1b d:/psoc creator/4.2/psoc creator/import/gnu/arm/5.4.1/bin/../lib/gcc/arm-none-eabi/5.4.1/../../../../arm-none-eabi/lib/armv7-m/crt0.o
 .ARM.attributes
                0x00000065       0x33 .\CortexM3\ARM_GCC_541\Debug\main.o
 .ARM.attributes
                0x00000098       0x33 .\CortexM3\ARM_GCC_541\Debug\cyfitter_cfg.o
 .ARM.attributes
                0x000000cb       0x33 .\CortexM3\ARM_GCC_541\Debug\cymetadata.o
 .ARM.attributes
                0x000000fe       0x33 .\CortexM3\ARM_GCC_541\Debug\Cm3Start.o
 .ARM.attributes
                0x00000131       0x33 .\CortexM3\ARM_GCC_541\Debug\Timertesting.a(isr_1.o)
 .ARM.attributes
                0x00000164       0x33 .\CortexM3\ARM_GCC_541\Debug\Timertesting.a(CyLib.o)
 .ARM.attributes
                0x00000197       0x33 .\CortexM3\ARM_GCC_541\Debug\Timertesting.a(cyPm.o)
 .ARM.attributes
                0x000001ca       0x33 .\CortexM3\ARM_GCC_541\Debug\Timertesting.a(Direction_1_1.o)
 .ARM.attributes
                0x000001fd       0x33 .\CortexM3\ARM_GCC_541\Debug\Timertesting.a(Direction_1_2.o)
 .ARM.attributes
                0x00000230       0x33 .\CortexM3\ARM_GCC_541\Debug\Timertesting.a(PWM_1.o)
 .ARM.attributes
                0x00000263       0x33 .\CortexM3\ARM_GCC_541\Debug\Timertesting.a(QuadDec_1.o)
 .ARM.attributes
                0x00000296       0x33 .\CortexM3\ARM_GCC_541\Debug\Timertesting.a(QuadDec_1_Cnt16.o)
 .ARM.attributes
                0x000002c9       0x33 .\CortexM3\ARM_GCC_541\Debug\Timertesting.a(QuadDec_2.o)
 .ARM.attributes
                0x000002fc       0x33 .\CortexM3\ARM_GCC_541\Debug\Timertesting.a(PWM_2.o)
 .ARM.attributes
                0x0000032f       0x33 .\CortexM3\ARM_GCC_541\Debug\Timertesting.a(QuadDec_2_Cnt16.o)
 .ARM.attributes
                0x00000362       0x33 .\CortexM3\ARM_GCC_541\Debug\Timertesting.a(UART.o)
 .ARM.attributes
                0x00000395       0x33 .\CortexM3\ARM_GCC_541\Debug\Timertesting.a(Direction_2_1.o)
 .ARM.attributes
                0x000003c8       0x33 .\CortexM3\ARM_GCC_541\Debug\Timertesting.a(Direction_2_2.o)
 .ARM.attributes
                0x000003fb       0x33 .\CortexM3\ARM_GCC_541\Debug\Timertesting.a(UART_IntClock.o)
 .ARM.attributes
                0x0000042e       0x33 .\CortexM3\ARM_GCC_541\Debug\Timertesting.a(isr_motor.o)
 .ARM.attributes
                0x00000461       0x33 .\CortexM3\ARM_GCC_541\Debug\Timertesting.a(Timer.o)
 .ARM.attributes
                0x00000494       0x21 .\CortexM3\ARM_GCC_541\Debug\Timertesting.a(CyBootAsmGnu.o)
 .ARM.attributes
                0x000004b5       0x33 .\CortexM3\ARM_GCC_541\Debug\Timertesting.a(CyFlash.o)
 .ARM.attributes
                0x000004e8       0x33 .\CortexM3\ARM_GCC_541\Debug\Timertesting.a(CySpc.o)
 .ARM.attributes
                0x0000051b       0x2d d:/psoc creator/4.2/psoc creator/import/gnu/arm/5.4.1/bin/../lib/gcc/arm-none-eabi/5.4.1/../../../../arm-none-eabi/lib/armv7-m\libg_nano.a(lib_a-atoi.o)
 .ARM.attributes
                0x00000548       0x2d d:/psoc creator/4.2/psoc creator/import/gnu/arm/5.4.1/bin/../lib/gcc/arm-none-eabi/5.4.1/../../../../arm-none-eabi/lib/armv7-m\libg_nano.a(lib_a-errno.o)
 .ARM.attributes
                0x00000575       0x2d d:/psoc creator/4.2/psoc creator/import/gnu/arm/5.4.1/bin/../lib/gcc/arm-none-eabi/5.4.1/../../../../arm-none-eabi/lib/armv7-m\libg_nano.a(lib_a-exit.o)
 .ARM.attributes
                0x000005a2       0x2d d:/psoc creator/4.2/psoc creator/import/gnu/arm/5.4.1/bin/../lib/gcc/arm-none-eabi/5.4.1/../../../../arm-none-eabi/lib/armv7-m\libg_nano.a(lib_a-impure.o)
 .ARM.attributes
                0x000005cf       0x2d d:/psoc creator/4.2/psoc creator/import/gnu/arm/5.4.1/bin/../lib/gcc/arm-none-eabi/5.4.1/../../../../arm-none-eabi/lib/armv7-m\libg_nano.a(lib_a-init.o)
 .ARM.attributes
                0x000005fc       0x2d d:/psoc creator/4.2/psoc creator/import/gnu/arm/5.4.1/bin/../lib/gcc/arm-none-eabi/5.4.1/../../../../arm-none-eabi/lib/armv7-m\libg_nano.a(lib_a-memcpy-stub.o)
 .ARM.attributes
                0x00000629       0x2d d:/psoc creator/4.2/psoc creator/import/gnu/arm/5.4.1/bin/../lib/gcc/arm-none-eabi/5.4.1/../../../../arm-none-eabi/lib/armv7-m\libg_nano.a(lib_a-memset.o)
 .ARM.attributes
                0x00000656       0x2d d:/psoc creator/4.2/psoc creator/import/gnu/arm/5.4.1/bin/../lib/gcc/arm-none-eabi/5.4.1/../../../../arm-none-eabi/lib/armv7-m\libg_nano.a(lib_a-nano-vfprintf_float.o)
 .ARM.attributes
                0x00000683       0x2d d:/psoc creator/4.2/psoc creator/import/gnu/arm/5.4.1/bin/../lib/gcc/arm-none-eabi/5.4.1/../../../../arm-none-eabi/lib/armv7-m\libg_nano.a(lib_a-nano-vfprintf_i.o)
 .ARM.attributes
                0x000006b0       0x2d d:/psoc creator/4.2/psoc creator/import/gnu/arm/5.4.1/bin/../lib/gcc/arm-none-eabi/5.4.1/../../../../arm-none-eabi/lib/armv7-m\libg_nano.a(lib_a-strcat.o)
 .ARM.attributes
                0x000006dd       0x17 d:/psoc creator/4.2/psoc creator/import/gnu/arm/5.4.1/bin/../lib/gcc/arm-none-eabi/5.4.1/../../../../arm-none-eabi/lib/armv7-m\libg_nano.a(lib_a-strlen.o)
 .ARM.attributes
                0x000006f4       0x2d d:/psoc creator/4.2/psoc creator/import/gnu/arm/5.4.1/bin/../lib/gcc/arm-none-eabi/5.4.1/../../../../arm-none-eabi/lib/armv7-m\libg_nano.a(lib_a-strtol.o)
 .ARM.attributes
                0x00000721       0x2d d:/psoc creator/4.2/psoc creator/import/gnu/arm/5.4.1/bin/../lib/gcc/arm-none-eabi/5.4.1/../../../../arm-none-eabi/lib/armv7-m\libg_nano.a(lib_a-ctype_.o)
 .ARM.attributes
                0x0000074e       0x2d d:/psoc creator/4.2/psoc creator/import/gnu/arm/5.4.1/bin/../lib/gcc/arm-none-eabi/5.4.1/../../../../arm-none-eabi/lib/armv7-m\libg_nano.a(lib_a-dtoa.o)
 .ARM.attributes
                0x0000077b       0x2d d:/psoc creator/4.2/psoc creator/import/gnu/arm/5.4.1/bin/../lib/gcc/arm-none-eabi/5.4.1/../../../../arm-none-eabi/lib/armv7-m\libg_nano.a(lib_a-locale.o)
 .ARM.attributes
                0x000007a8       0x2d d:/psoc creator/4.2/psoc creator/import/gnu/arm/5.4.1/bin/../lib/gcc/arm-none-eabi/5.4.1/../../../../arm-none-eabi/lib/armv7-m\libg_nano.a(lib_a-malloc.o)
 .ARM.attributes
                0x000007d5       0x2d d:/psoc creator/4.2/psoc creator/import/gnu/arm/5.4.1/bin/../lib/gcc/arm-none-eabi/5.4.1/../../../../arm-none-eabi/lib/armv7-m\libg_nano.a(lib_a-memchr-stub.o)
 .ARM.attributes
                0x00000802       0x2d d:/psoc creator/4.2/psoc creator/import/gnu/arm/5.4.1/bin/../lib/gcc/arm-none-eabi/5.4.1/../../../../arm-none-eabi/lib/armv7-m\libg_nano.a(lib_a-mprec.o)
 .ARM.attributes
                0x0000082f       0x2d d:/psoc creator/4.2/psoc creator/import/gnu/arm/5.4.1/bin/../lib/gcc/arm-none-eabi/5.4.1/../../../../arm-none-eabi/lib/armv7-m\libg_nano.a(lib_a-nano-callocr.o)
 .ARM.attributes
                0x0000085c       0x2d d:/psoc creator/4.2/psoc creator/import/gnu/arm/5.4.1/bin/../lib/gcc/arm-none-eabi/5.4.1/../../../../arm-none-eabi/lib/armv7-m\libg_nano.a(lib_a-nano-freer.o)
 .ARM.attributes
                0x00000889       0x2d d:/psoc creator/4.2/psoc creator/import/gnu/arm/5.4.1/bin/../lib/gcc/arm-none-eabi/5.4.1/../../../../arm-none-eabi/lib/armv7-m\libg_nano.a(lib_a-nano-mallocr.o)
 .ARM.attributes
                0x000008b6       0x2d d:/psoc creator/4.2/psoc creator/import/gnu/arm/5.4.1/bin/../lib/gcc/arm-none-eabi/5.4.1/../../../../arm-none-eabi/lib/armv7-m\libg_nano.a(lib_a-sbrkr.o)
 .ARM.attributes
                0x000008e3       0x1b d:/psoc creator/4.2/psoc creator/import/gnu/arm/5.4.1/bin/../lib/gcc/arm-none-eabi/5.4.1/../../../../arm-none-eabi/lib/armv7-m\libg_nano.a(lib_a-strcmp.o)
 .ARM.attributes
                0x000008fe       0x2d d:/psoc creator/4.2/psoc creator/import/gnu/arm/5.4.1/bin/../lib/gcc/arm-none-eabi/5.4.1/../../../../arm-none-eabi/lib/armv7-m\libg_nano.a(lib_a-mlock.o)
 .ARM.attributes
                0x0000092b       0x2d d:/psoc creator/4.2/psoc creator/import/gnu/arm/5.4.1/bin/../lib/gcc/arm-none-eabi/5.4.1/../../../../arm-none-eabi/lib/armv7-m\libg_nano.a(lib_a-reent.o)
 .ARM.attributes
                0x00000958       0x1d d:/psoc creator/4.2/psoc creator/import/gnu/arm/5.4.1/bin/../lib/gcc/arm-none-eabi/5.4.1/armv7-m\libgcc.a(_arm_addsubdf3.o)
 .ARM.attributes
                0x00000975       0x1d d:/psoc creator/4.2/psoc creator/import/gnu/arm/5.4.1/bin/../lib/gcc/arm-none-eabi/5.4.1/armv7-m\libgcc.a(_arm_muldivdf3.o)
 .ARM.attributes
                0x00000992       0x1d d:/psoc creator/4.2/psoc creator/import/gnu/arm/5.4.1/bin/../lib/gcc/arm-none-eabi/5.4.1/armv7-m\libgcc.a(_arm_cmpdf2.o)
 .ARM.attributes
                0x000009af       0x1d d:/psoc creator/4.2/psoc creator/import/gnu/arm/5.4.1/bin/../lib/gcc/arm-none-eabi/5.4.1/armv7-m\libgcc.a(_arm_unorddf2.o)
 .ARM.attributes
                0x000009cc       0x1d d:/psoc creator/4.2/psoc creator/import/gnu/arm/5.4.1/bin/../lib/gcc/arm-none-eabi/5.4.1/armv7-m\libgcc.a(_arm_fixdfsi.o)
 .ARM.attributes
                0x000009e9       0x2d d:/psoc creator/4.2/psoc creator/import/gnu/arm/5.4.1/bin/../lib/gcc/arm-none-eabi/5.4.1/armv7-m/crtend.o
 .ARM.attributes
                0x00000a16       0x1d d:/psoc creator/4.2/psoc creator/import/gnu/arm/5.4.1/bin/../lib/gcc/arm-none-eabi/5.4.1/armv7-m/crtn.o

/DISCARD/
 *(.note.GNU-stack)
OUTPUT(C:\Users\Caesar\Desktop\Spring\ME135\Timertesting\Timertesting.cydsn\CortexM3\ARM_GCC_541\Debug\Timertesting.elf elf32-littlearm)
